Archive member included because of file (symbol)

c:/develop/altera/13.0sp1/nios2eds/bin/gnu/h-i686-mingw32/bin/../lib/gcc/nios2-elf/4.1.2/../../../../nios2-elf/lib\libc.a(lib_a-fclose.o)
                              obj/default/loadbmp.o (fclose)
c:/develop/altera/13.0sp1/nios2eds/bin/gnu/h-i686-mingw32/bin/../lib/gcc/nios2-elf/4.1.2/../../../../nios2-elf/lib\libc.a(lib_a-fflush.o)
                              c:/develop/altera/13.0sp1/nios2eds/bin/gnu/h-i686-mingw32/bin/../lib/gcc/nios2-elf/4.1.2/../../../../nios2-elf/lib\libc.a(lib_a-fclose.o) (_fflush_r)
c:/develop/altera/13.0sp1/nios2eds/bin/gnu/h-i686-mingw32/bin/../lib/gcc/nios2-elf/4.1.2/../../../../nios2-elf/lib\libc.a(lib_a-findfp.o)
                              c:/develop/altera/13.0sp1/nios2eds/bin/gnu/h-i686-mingw32/bin/../lib/gcc/nios2-elf/4.1.2/../../../../nios2-elf/lib\libc.a(lib_a-fclose.o) (__sfp_lock_acquire)
c:/develop/altera/13.0sp1/nios2eds/bin/gnu/h-i686-mingw32/bin/../lib/gcc/nios2-elf/4.1.2/../../../../nios2-elf/lib\libc.a(lib_a-fopen.o)
                              obj/default/loadbmp.o (fopen)
c:/develop/altera/13.0sp1/nios2eds/bin/gnu/h-i686-mingw32/bin/../lib/gcc/nios2-elf/4.1.2/../../../../nios2-elf/lib\libc.a(lib_a-fread.o)
                              obj/default/loadbmp.o (fread)
c:/develop/altera/13.0sp1/nios2eds/bin/gnu/h-i686-mingw32/bin/../lib/gcc/nios2-elf/4.1.2/../../../../nios2-elf/lib\libc.a(lib_a-freer.o)
                              c:/develop/altera/13.0sp1/nios2eds/bin/gnu/h-i686-mingw32/bin/../lib/gcc/nios2-elf/4.1.2/../../../../nios2-elf/lib\libc.a(lib_a-fclose.o) (_free_r)
c:/develop/altera/13.0sp1/nios2eds/bin/gnu/h-i686-mingw32/bin/../lib/gcc/nios2-elf/4.1.2/../../../../nios2-elf/lib\libc.a(lib_a-fseek.o)
                              c:/develop/altera/13.0sp1/nios2eds/bin/gnu/h-i686-mingw32/bin/../lib/gcc/nios2-elf/4.1.2/../../../../nios2-elf/lib\libc.a(lib_a-fopen.o) (_fseek_r)
c:/develop/altera/13.0sp1/nios2eds/bin/gnu/h-i686-mingw32/bin/../lib/gcc/nios2-elf/4.1.2/../../../../nios2-elf/lib\libc.a(lib_a-fstatr.o)
                              c:/develop/altera/13.0sp1/nios2eds/bin/gnu/h-i686-mingw32/bin/../lib/gcc/nios2-elf/4.1.2/../../../../nios2-elf/lib\libc.a(lib_a-fseek.o) (_fstat_r)
c:/develop/altera/13.0sp1/nios2eds/bin/gnu/h-i686-mingw32/bin/../lib/gcc/nios2-elf/4.1.2/../../../../nios2-elf/lib\libc.a(lib_a-fwalk.o)
                              c:/develop/altera/13.0sp1/nios2eds/bin/gnu/h-i686-mingw32/bin/../lib/gcc/nios2-elf/4.1.2/../../../../nios2-elf/lib\libc.a(lib_a-fflush.o) (_fwalk_reent)
c:/develop/altera/13.0sp1/nios2eds/bin/gnu/h-i686-mingw32/bin/../lib/gcc/nios2-elf/4.1.2/../../../../nios2-elf/lib\libc.a(lib_a-impure.o)
                              c:/develop/altera/13.0sp1/nios2eds/bin/gnu/h-i686-mingw32/bin/../lib/gcc/nios2-elf/4.1.2/../../../../nios2-elf/lib\libc.a(lib_a-fclose.o) (_impure_ptr)
c:/develop/altera/13.0sp1/nios2eds/bin/gnu/h-i686-mingw32/bin/../lib/gcc/nios2-elf/4.1.2/../../../../nios2-elf/lib\libc.a(lib_a-int_errno.o)
                              c:/develop/altera/13.0sp1/nios2eds/bin/gnu/h-i686-mingw32/bin/../lib/gcc/nios2-elf/4.1.2/../../../../nios2-elf/lib\libc.a(lib_a-fstatr.o) (errno)
c:/develop/altera/13.0sp1/nios2eds/bin/gnu/h-i686-mingw32/bin/../lib/gcc/nios2-elf/4.1.2/../../../../nios2-elf/lib\libc.a(lib_a-makebuf.o)
                              c:/develop/altera/13.0sp1/nios2eds/bin/gnu/h-i686-mingw32/bin/../lib/gcc/nios2-elf/4.1.2/../../../../nios2-elf/lib\libc.a(lib_a-fseek.o) (__smakebuf_r)
c:/develop/altera/13.0sp1/nios2eds/bin/gnu/h-i686-mingw32/bin/../lib/gcc/nios2-elf/4.1.2/../../../../nios2-elf/lib\libc.a(lib_a-mallocr.o)
                              c:/develop/altera/13.0sp1/nios2eds/bin/gnu/h-i686-mingw32/bin/../lib/gcc/nios2-elf/4.1.2/../../../../nios2-elf/lib\libc.a(lib_a-findfp.o) (_malloc_r)
c:/develop/altera/13.0sp1/nios2eds/bin/gnu/h-i686-mingw32/bin/../lib/gcc/nios2-elf/4.1.2/../../../../nios2-elf/lib\libc.a(lib_a-memcpy.o)
                              obj/default/mmcfs/mmcfs.o (memcpy)
c:/develop/altera/13.0sp1/nios2eds/bin/gnu/h-i686-mingw32/bin/../lib/gcc/nios2-elf/4.1.2/../../../../nios2-elf/lib\libc.a(lib_a-memset.o)
                              obj/default/mmcfs/mmcfs.o (memset)
c:/develop/altera/13.0sp1/nios2eds/bin/gnu/h-i686-mingw32/bin/../lib/gcc/nios2-elf/4.1.2/../../../../nios2-elf/lib\libc.a(lib_a-openr.o)
                              c:/develop/altera/13.0sp1/nios2eds/bin/gnu/h-i686-mingw32/bin/../lib/gcc/nios2-elf/4.1.2/../../../../nios2-elf/lib\libc.a(lib_a-fopen.o) (_open_r)
c:/develop/altera/13.0sp1/nios2eds/bin/gnu/h-i686-mingw32/bin/../lib/gcc/nios2-elf/4.1.2/../../../../nios2-elf/lib\libc.a(lib_a-printf.o)
                              obj/default/loadbmp.o (printf)
c:/develop/altera/13.0sp1/nios2eds/bin/gnu/h-i686-mingw32/bin/../lib/gcc/nios2-elf/4.1.2/../../../../nios2-elf/lib\libc.a(lib_a-putchar.o)
                              obj/default/testuty.o (putchar)
[...]
Memory Configuration

Name             Origin             Length             Attributes
sdram_BEFORE_EXCEPTION 0x00000000         0x00000020
sdram            0x00000020         0x007fffe0
reset            0x0f000000         0x00000020
ipl_memory       0x0f000020         0x00001fe0
*default*        0x00000000         0xffffffff

Linker script and memory map

LOAD ../ulexite_bmpload_bsp//obj/HAL/src/crt0.o
LOAD obj/default/file_test.o
LOAD obj/default/loadbmp.o
LOAD obj/default/mmcfs/fatfs/ff.o
LOAD obj/default/mmcfs/fatfs/mmcbb.o
LOAD obj/default/mmcfs/fatfs/option/cc932.o
LOAD obj/default/mmcfs/gettime.o
LOAD obj/default/mmcfs/mmc_spi.o
LOAD obj/default/mmcfs/mmcfs.o
LOAD obj/default/nd_lib/fontx_k12x10.o
LOAD obj/default/nd_lib/fontx_k6x10.o
LOAD obj/default/nd_lib/nd_egl.o
LOAD obj/default/testuty.o
LOAD c:/develop/altera/13.0sp1/nios2eds/bin/gnu/h-i686-mingw32/bin/../lib/gcc/nios2-elf/4.1.2/../../../../nios2-elf/lib\libstdc++.a
LOAD c:/develop/altera/13.0sp1/nios2eds/bin/gnu/h-i686-mingw32/bin/../lib/gcc/nios2-elf/4.1.2/../../../../nios2-elf/lib\libm.a
LOAD c:/develop/altera/13.0sp1/nios2eds/bin/gnu/h-i686-mingw32/bin/../lib/gcc/nios2-elf/4.1.2\libgcc.a
START GROUP
LOAD c:/develop/altera/13.0sp1/nios2eds/bin/gnu/h-i686-mingw32/bin/../lib/gcc/nios2-elf/4.1.2/../../../../nios2-elf/lib\libc.a
LOAD c:/develop/altera/13.0sp1/nios2eds/bin/gnu/h-i686-mingw32/bin/../lib/gcc/nios2-elf/4.1.2\libgcc.a
LOAD ../ulexite_bmpload_bsp/\libhal_bsp.a
END GROUP
LOAD c:/develop/altera/13.0sp1/nios2eds/bin/gnu/h-i686-mingw32/bin/../lib/gcc/nios2-elf/4.1.2\libgcc.a
                0x00000000                __alt_mem_sdram = 0x0
                0x0f000000                __alt_mem_ipl_memory = 0xf000000

.entry          0x0f000000        0x0
 *(.entry)
 .entry         0x0f000000        0x0 ../ulexite_bmpload_bsp//obj/HAL/src/crt0.o
                0x0f000000                __reset

.exceptions     0x00000020      0x164
                0x00000020                PROVIDE (__ram_exceptions_start, ABSOLUTE (.))
                0x00000020                . = ALIGN (0x20)
 *(.irq)
 *(.exceptions.entry.label)
 .exceptions.entry.label
                0x00000020        0x0 ../ulexite_bmpload_bsp/\libhal_bsp.a(alt_irq_entry.o)
                0x00000020                alt_irq_entry
 .exceptions.entry.label
                0x00000020        0x0 ../ulexite_bmpload_bsp/\libhal_bsp.a(alt_exception_entry.o)
                0x00000020                alt_exception
 *(.exceptions.entry.user)
 *(.exceptions.entry)
 .exceptions.entry
                0x00000020       0x54 ../ulexite_bmpload_bsp/\libhal_bsp.a(alt_exception_entry.o)
 *(.exceptions.irqtest.user)
 *(.exceptions.irqtest)
 .exceptions.irqtest
                0x00000074       0x10 ../ulexite_bmpload_bsp/\libhal_bsp.a(alt_irq_entry.o)
 *(.exceptions.irqhandler.user)
 *(.exceptions.irqhandler)
 .exceptions.irqhandler
                0x00000084        0x4 ../ulexite_bmpload_bsp/\libhal_bsp.a(alt_irq_entry.o)
 *(.exceptions.irqreturn.user)
 *(.exceptions.irqreturn)
 .exceptions.irqreturn
                0x00000088        0x4 ../ulexite_bmpload_bsp/\libhal_bsp.a(alt_irq_entry.o)
 *(.exceptions.notirq.label)
 .exceptions.notirq.label
                0x0000008c        0x0 ../ulexite_bmpload_bsp/\libhal_bsp.a(alt_irq_entry.o)
 *(.exceptions.notirq.user)
 *(.exceptions.notirq)
 .exceptions.notirq
                0x0000008c        0x8 ../ulexite_bmpload_bsp/\libhal_bsp.a(alt_exception_entry.o)
 *(.exceptions.soft.user)
 *(.exceptions.soft)
 *(.exceptions.unknown.user)
 *(.exceptions.unknown)
 .exceptions.unknown
                0x00000094        0x4 ../ulexite_bmpload_bsp/\libhal_bsp.a(alt_exception_entry.o)
 *(.exceptions.exit.label)
 .exceptions.exit.label
                0x00000098        0x0 ../ulexite_bmpload_bsp/\libhal_bsp.a(alt_irq_entry.o)
 .exceptions.exit.label
                0x00000098        0x0 ../ulexite_bmpload_bsp/\libhal_bsp.a(alt_exception_entry.o)
 *(.exceptions.exit.user)
 *(.exceptions.exit)
 .exceptions.exit
                0x00000098       0x54 ../ulexite_bmpload_bsp/\libhal_bsp.a(alt_exception_entry.o)
 *(.exceptions)
 .exceptions    0x000000ec       0x98 ../ulexite_bmpload_bsp/\libhal_bsp.a(alt_irq_handler.o)
                0x000000ec                alt_irq_handler
                0x00000184                PROVIDE (__ram_exceptions_end, ABSOLUTE (.))
                0x00000020                PROVIDE (__flash_exceptions_start, LOADADDR (.exceptions))

.text           0x00000184    0x12a24
                0x00000184                PROVIDE (stext, ABSOLUTE (.))
 *(.interp)
 *(.hash)
 *(.dynsym)
 *(.dynstr)
 *(.gnu.version)
 *(.gnu.version_d)
 *(.gnu.version_r)
 *(.rel.init)
 *(.rela.init)
 *(.rel.text .rel.text.* .rel.gnu.linkonce.t.*)
 *(.rela.text .rela.text.* .rela.gnu.linkonce.t.*)
 *(.rel.fini)
 *(.rela.fini)
 *(.rel.rodata .rel.rodata.* .rel.gnu.linkonce.r.*)
 *(.rela.rodata .rela.rodata.* .rela.gnu.linkonce.r.*)
 *(.rel.data .rel.data.* .rel.gnu.linkonce.d.*)
 *(.rela.data .rela.data.* .rela.gnu.linkonce.d.*)
 *(.rel.tdata .rel.tdata.* .rel.gnu.linkonce.td.*)
 *(.rela.tdata .rela.tdata.* .rela.gnu.linkonce.td.*)
 *(.rel.tbss .rel.tbss.* .rel.gnu.linkonce.tb.*)
 *(.rela.tbss .rela.tbss.* .rela.gnu.linkonce.tb.*)
 *(.rel.ctors)
 *(.rela.ctors)
 *(.rel.dtors)
 *(.rela.dtors)
 *(.rel.got)
 *(.rela.got)
 *(.rel.sdata .rel.sdata.* .rel.gnu.linkonce.s.*)
 *(.rela.sdata .rela.sdata.* .rela.gnu.linkonce.s.*)
 *(.rel.sbss .rel.sbss.* .rel.gnu.linkonce.sb.*)
 *(.rela.sbss .rela.sbss.* .rela.gnu.linkonce.sb.*)
 *(.rel.sdata2 .rel.sdata2.* .rel.gnu.linkonce.s2.*)
 *(.rela.sdata2 .rela.sdata2.* .rela.gnu.linkonce.s2.*)
 *(.rel.sbss2 .rel.sbss2.* .rel.gnu.linkonce.sb2.*)
 *(.rela.sbss2 .rela.sbss2.* .rela.gnu.linkonce.sb2.*)
 *(.rel.bss .rel.bss.* .rel.gnu.linkonce.b.*)
 *(.rela.bss .rela.bss.* .rela.gnu.linkonce.b.*)
 *(.rel.plt)
 *(.rela.plt)
 *(.rel.dyn)
 *(.init)
 *(.plt)
 *(.text .stub .text.* .gnu.linkonce.t.*)
 .text          0x00000184       0x4c ../ulexite_bmpload_bsp//obj/HAL/src/crt0.o
                0x00000184                _start
 .text          0x000001d0      0x174 obj/default/file_test.o
                0x000001d0                main
 .text          0x00000344      0x33c obj/default/loadbmp.o
                0x00000344                loadbmp
 .text          0x00000680     0x3e90 obj/default/mmcfs/fatfs/ff.o
                0x000006ec                clust2sect
                0x00000718                gen_numname
                0x000008b0                f_mount
                0x000012a4                put_fat
                0x00001480                get_fat
                0x00001658                f_getfree
                0x00001848                f_read
                0x00001db8                f_lseek
                0x00002080                f_write
                0x00002830                f_readdir
                0x000030dc                f_stat
                0x0000318c                f_opendir
                0x00003660                f_truncate
                0x000038c8                f_rename
                0x00003b00                f_utime
                0x00003bcc                f_chmod
                0x00003c9c                f_unlink
                0x00003e10                f_mkdir
                0x000040d8                f_sync
                0x0000421c                f_close
                0x00004248                f_open
 .text          0x00004510      0xa8c obj/default/mmcfs/fatfs/mmcbb.o
                0x00004898                disk_status
                0x0000495c                disk_ioctl
                0x00004ae8                disk_write
                0x00004c68                disk_read
                0x00004da4                disk_initialize
 .text          0x00004f9c       0xe4 obj/default/mmcfs/fatfs/option/cc932.o
                0x00004f9c                ff_convert
                0x0000502c                ff_wtoupper
 .text          0x00005080        0x8 obj/default/mmcfs/gettime.o
                0x00005080                get_fattime
 .text          0x00005088      0x294 obj/default/mmcfs/mmc_spi.o
                0x00005088                mmc_spi_CheckTimer
                0x00005098                mmc_spi_CheckCardDetect
                0x000050b0                mmc_spi_CheckWritePortect
                0x000050e4                mmc_spi_Wait100us
                0x00005104                mmc_spi_SetTimer
                0x00005118                mmc_spi_SetTransClock
                0x00005128                mmc_spi_SetIdentClock
                0x00005138                mmc_spi_DmaRecv
                0x00005268                mmc_spi_Recvbyte
                0x0000529c                mmc_spi_Sendbyte
                0x000052c0                mmc_spi_SetCardDeselect
                0x000052d8                mmc_spi_InitSocket
                0x00005308                mmc_spi_SetCardSelect
 .text          0x0000531c      0x308 obj/default/mmcfs/mmcfs.o
                0x0000531c                dev_mmcfs_fstat
                0x0000534c                mmcfs_setup
                0x000053b8                dev_mmcfs_lseek
                0x00005428                dev_mmcfs_write
                0x00005458                dev_mmcfs_read
                0x00005488                dev_mmcfs_close
                0x000054fc                dev_mmcfs_open
 .text          0x00005624        0x0 obj/default/nd_lib/fontx_k12x10.o
 .text          0x00005624        0x0 obj/default/nd_lib/fontx_k6x10.o
 .text          0x00005624      0xcd8 obj/default/nd_lib/nd_egl.o
                0x00005624                nd_GsEglColor
                0x00005634                nd_GsEglPset
                0x00005700                nd_GsEglBoxfill
                0x00005884                nd_GsEglCircle
                0x00005a3c                nd_GsEglLine
                0x00005b98                nd_GsEglBox
                0x00005cd0                nd_GsEglPutcharFont
                0x00005e10                nd_GsEglPutstrFont
                0x00005ea8                nd_GsEglSetFont
                0x00005eb4                nd_GsEglPutchar
                0x00005f64                nd_GsEglPutstr
                0x00005fc0                nd_GsEglPutdec
                0x0000608c                nd_GsEglPuthex2
                0x000060e8                nd_GsEglPuthex8
                0x00006158                nd_GsVgaVsync_getcount
                0x00006184                nd_GsVgaWaitVsync
                0x000061a4                nd_GsVgaVsync_setcount
                0x000061d0                nd_GsVgaSetBuffer
                0x000061ec                nd_GsEglPage
                0x0000622c                nd_GsVgaScanOff
                0x00006248                nd_GsVgaScanOn
                0x00006260                nd_GsVgaVsync_isrdisable
                0x00006280                nd_GsVgaInit
                0x000062a4                nd_GsVgaVsync_isrenable
                0x000062c4                nd_GsVgaVsync_isr
 .text          0x000062fc      0x4dc obj/default/testuty.o
                0x000062fc                memcrc16
                0x00006350                memdump_dword
                0x00006424                memdump_word
                0x000064fc                memdump_byte
                0x000065d0                memdump
                0x000065f4                systeminit
 .text          0x000067d8      0x124 c:/develop/altera/13.0sp1/nios2eds/bin/gnu/h-i686-mingw32/bin/../lib/gcc/nios2-elf/4.1.2/../../../../nios2-elf/lib\libc.a(lib_a-fclose.o)
                0x000067d8                _fclose_r
                0x000068e8                fclose
 .text          0x000068fc      0x230 c:/develop/altera/13.0sp1/nios2eds/bin/gnu/h-i686-mingw32/bin/../lib/gcc/nios2-elf/4.1.2/../../../../nios2-elf/lib\libc.a(lib_a-fflush.o)
                0x000068fc                _fflush_r
                0x00006af8                fflush
 .text          0x00006b2c      0x2c0 c:/develop/altera/13.0sp1/nios2eds/bin/gnu/h-i686-mingw32/bin/../lib/gcc/nios2-elf/4.1.2/../../../../nios2-elf/lib\libc.a(lib_a-findfp.o)
                0x00006b84                __sfp_lock_acquire
                0x00006b88                __sfp_lock_release
                0x00006b8c                __sinit_lock_acquire
                0x00006b90                __sinit_lock_release
                0x00006b94                __sinit
                0x00006c48                __fp_unlock_all
                0x00006c60                __fp_lock_all
                0x00006c78                _cleanup_r
                0x00006c84                _cleanup
                0x00006c94                __sfmoreglue
                0x00006cfc                __sfp
 .text          0x00006dec      0x110 c:/develop/altera/13.0sp1/nios2eds/bin/gnu/h-i686-mingw32/bin/../lib/gcc/nios2-elf/4.1.2/../../../../nios2-elf/lib\libc.a(lib_a-fopen.o)
                0x00006dec                _fopen_r
                0x00006ee0                fopen
 .text          0x00006efc      0x23c c:/develop/altera/13.0sp1/nios2eds/bin/gnu/h-i686-mingw32/bin/../lib/gcc/nios2-elf/4.1.2/../../../../nios2-elf/lib\libc.a(lib_a-fread.o)
                0x00006efc                _fread_r
                0x000070f8                fread
 .text          0x00007138      0x440 c:/develop/altera/13.0sp1/nios2eds/bin/gnu/h-i686-mingw32/bin/../lib/gcc/nios2-elf/4.1.2/../../../../nios2-elf/lib\libc.a(lib_a-freer.o)
                0x00007138                _malloc_trim_r
                0x00007264                _free_r
 .text          0x00007578      0x460 c:/develop/altera/13.0sp1/nios2eds/bin/gnu/h-i686-mingw32/bin/../lib/gcc/nios2-elf/4.1.2/../../../../nios2-elf/lib\libc.a(lib_a-fseek.o)
                0x00007578                _fseek_r
                0x000079b4                fseek
 .text          0x000079d8       0x74 c:/develop/altera/13.0sp1/nios2eds/bin/gnu/h-i686-mingw32/bin/../lib/gcc/nios2-elf/4.1.2/../../../../nios2-elf/lib\libc.a(lib_a-fstatr.o)
                0x000079d8                _fstat_r
 .text          0x00007a4c      0x180 c:/develop/altera/13.0sp1/nios2eds/bin/gnu/h-i686-mingw32/bin/../lib/gcc/nios2-elf/4.1.2/../../../../nios2-elf/lib\libc.a(lib_a-fwalk.o)
                0x00007a4c                _fwalk_reent
                0x00007b14                _fwalk
 .text          0x00007bcc        0x0 c:/develop/altera/13.0sp1/nios2eds/bin/gnu/h-i686-mingw32/bin/../lib/gcc/nios2-elf/4.1.2/../../../../nios2-elf/lib\libc.a(lib_a-impure.o)
 .text          0x00007bcc        0x0 c:/develop/altera/13.0sp1/nios2eds/bin/gnu/h-i686-mingw32/bin/../lib/gcc/nios2-elf/4.1.2/../../../../nios2-elf/lib\libc.a(lib_a-int_errno.o)
 .text          0x00007bcc      0x194 c:/develop/altera/13.0sp1/nios2eds/bin/gnu/h-i686-mingw32/bin/../lib/gcc/nios2-elf/4.1.2/../../../../nios2-elf/lib\libc.a(lib_a-makebuf.o)
                0x00007bcc                __smakebuf_r
 .text          0x00007d60      0x740 c:/develop/altera/13.0sp1/nios2eds/bin/gnu/h-i686-mingw32/bin/../lib/gcc/nios2-elf/4.1.2/../../../../nios2-elf/lib\libc.a(lib_a-mallocr.o)
                0x00007d60                _malloc_r
 .text          0x000084a0       0xa0 c:/develop/altera/13.0sp1/nios2eds/bin/gnu/h-i686-mingw32/bin/../lib/gcc/nios2-elf/4.1.2/../../../../nios2-elf/lib\libc.a(lib_a-memcpy.o)
                0x000084a0                memcpy
 .text          0x00008540       0x98 c:/develop/altera/13.0sp1/nios2eds/bin/gnu/h-i686-mingw32/bin/../lib/gcc/nios2-elf/4.1.2/../../../../nios2-elf/lib\libc.a(lib_a-memset.o)
                0x00008540                memset
 .text          0x000085d8       0x78 c:/develop/altera/13.0sp1/nios2eds/bin/gnu/h-i686-mingw32/bin/../lib/gcc/nios2-elf/4.1.2/../../../../nios2-elf/lib\libc.a(lib_a-openr.o)
                0x000085d8                _open_r
 .text          0x00008650       0x78 c:/develop/altera/13.0sp1/nios2eds/bin/gnu/h-i686-mingw32/bin/../lib/gcc/nios2-elf/4.1.2/../../../../nios2-elf/lib\libc.a(lib_a-printf.o)
                0x00008650                printf
                0x00008694                _printf_r
 .text          0x000086c8       0x24 c:/develop/altera/13.0sp1/nios2eds/bin/gnu/h-i686-mingw32/bin/../lib/gcc/nios2-elf/4.1.2/../../../../nios2-elf/lib\libc.a(lib_a-putchar.o)
                0x000086c8                putchar
                0x000086e4                _putchar_r
 .text          0x000086ec       0xb4 c:/develop/altera/13.0sp1/nios2eds/bin/gnu/h-i686-mingw32/bin/../lib/gcc/nios2-elf/4.1.2/../../../../nios2-elf/lib\libc.a(lib_a-puts.o)
                0x000086ec                _puts_r
                0x0000878c                puts
 .text          0x000087a0      0x1e0 c:/develop/altera/13.0sp1/nios2eds/bin/gnu/h-i686-mingw32/bin/../lib/gcc/nios2-elf/4.1.2/../../../../nios2-elf/lib\libc.a(lib_a-refill.o)
                0x000087a0                __srefill_r
 .text          0x00008980       0x70 c:/develop/altera/13.0sp1/nios2eds/bin/gnu/h-i686-mingw32/bin/../lib/gcc/nios2-elf/4.1.2/../../../../nios2-elf/lib\libc.a(lib_a-sbrkr.o)
                0x00008980                _sbrk_r
 .text          0x000089f0      0x14c c:/develop/altera/13.0sp1/nios2eds/bin/gnu/h-i686-mingw32/bin/../lib/gcc/nios2-elf/4.1.2/../../../../nios2-elf/lib\libc.a(lib_a-stdio.o)
                0x000089f0                __sclose
                0x000089f8                __sseek
                0x00008a60                __swrite
                0x00008adc                __sread
 .text          0x00008b3c       0x74 c:/develop/altera/13.0sp1/nios2eds/bin/gnu/h-i686-mingw32/bin/../lib/gcc/nios2-elf/4.1.2/../../../../nios2-elf/lib\libc.a(lib_a-strlen.o)
                0x00008b3c                strlen
 .text          0x00008bb0     0x1f28 c:/develop/altera/13.0sp1/nios2eds/bin/gnu/h-i686-mingw32/bin/../lib/gcc/nios2-elf/4.1.2/../../../../nios2-elf/lib\libc.a(lib_a-vfprintf.o)
                0x00008c08                ___vfprintf_internal_r
                0x0000aab4                __vfprintf_internal
 .text          0x0000aad8       0x78 c:/develop/altera/13.0sp1/nios2eds/bin/gnu/h-i686-mingw32/bin/../lib/gcc/nios2-elf/4.1.2/../../../../nios2-elf/lib\libc.a(lib_a-writer.o)
                0x0000aad8                _write_r
 .text          0x0000ab50      0x13c c:/develop/altera/13.0sp1/nios2eds/bin/gnu/h-i686-mingw32/bin/../lib/gcc/nios2-elf/4.1.2/../../../../nios2-elf/lib\libc.a(lib_a-wsetup.o)
                0x0000ab50                __swsetup_r
 .text          0x0000ac8c       0x70 c:/develop/altera/13.0sp1/nios2eds/bin/gnu/h-i686-mingw32/bin/../lib/gcc/nios2-elf/4.1.2/../../../../nios2-elf/lib\libc.a(lib_a-closer.o)
                0x0000ac8c                _close_r
 .text          0x0000acfc     0x17cc c:/develop/altera/13.0sp1/nios2eds/bin/gnu/h-i686-mingw32/bin/../lib/gcc/nios2-elf/4.1.2/../../../../nios2-elf/lib\libc.a(lib_a-dtoa.o)
                0x0000af14                _dtoa_r
 .text          0x0000c4c8       0xa0 c:/develop/altera/13.0sp1/nios2eds/bin/gnu/h-i686-mingw32/bin/../lib/gcc/nios2-elf/4.1.2/../../../../nios2-elf/lib\libc.a(lib_a-flags.o)
                0x0000c4c8                __sflags
 .text          0x0000c568      0x49c c:/develop/altera/13.0sp1/nios2eds/bin/gnu/h-i686-mingw32/bin/../lib/gcc/nios2-elf/4.1.2/../../../../nios2-elf/lib\libc.a(lib_a-fvwrite.o)
                0x0000c568                __sfvwrite_r
 .text          0x0000ca04       0x70 c:/develop/altera/13.0sp1/nios2eds/bin/gnu/h-i686-mingw32/bin/../lib/gcc/nios2-elf/4.1.2/../../../../nios2-elf/lib\libc.a(lib_a-isattyr.o)
                0x0000ca04                _isatty_r
 .text          0x0000ca74       0xc4 c:/develop/altera/13.0sp1/nios2eds/bin/gnu/h-i686-mingw32/bin/../lib/gcc/nios2-elf/4.1.2/../../../../nios2-elf/lib\libc.a(lib_a-locale.o)
                0x0000ca74                __locale_charset
                0x0000ca7c                _localeconv_r
                0x0000ca88                localeconv
                0x0000ca98                _setlocale_r
                0x0000cb1c                setlocale
 .text          0x0000cb38       0x78 c:/develop/altera/13.0sp1/nios2eds/bin/gnu/h-i686-mingw32/bin/../lib/gcc/nios2-elf/4.1.2/../../../../nios2-elf/lib\libc.a(lib_a-lseekr.o)
                0x0000cb38                _lseek_r
 .text          0x0000cbb0       0xe4 c:/develop/altera/13.0sp1/nios2eds/bin/gnu/h-i686-mingw32/bin/../lib/gcc/nios2-elf/4.1.2/../../../../nios2-elf/lib\libc.a(lib_a-memchr.o)
                0x0000cbb0                memchr
 .text          0x0000cc94       0xe0 c:/develop/altera/13.0sp1/nios2eds/bin/gnu/h-i686-mingw32/bin/../lib/gcc/nios2-elf/4.1.2/../../../../nios2-elf/lib\libc.a(lib_a-memmove.o)
                0x0000cc94                memmove
 .text          0x0000cd74      0xff4 c:/develop/altera/13.0sp1/nios2eds/bin/gnu/h-i686-mingw32/bin/../lib/gcc/nios2-elf/4.1.2/../../../../nios2-elf/lib\libc.a(lib_a-mprec.o)
                0x0000cd74                _Bfree
                0x0000cd9c                __hi0bits
                0x0000ce0c                __lo0bits
                0x0000ced0                __mcmp
                0x0000cf30                __ulp
                0x0000cfb0                __b2d
                0x0000d0d0                __ratio
                0x0000d180                _mprec_log10
                0x0000d214                __copybits
                0x0000d26c                __any_on
                0x0000d2f4                _Balloc
                0x0000d3b0                __d2b
                0x0000d52c                __mdiff
                0x0000d6b8                __lshift
                0x0000d804                __multiply
                0x0000d9ec                __i2b
                0x0000da28                __multadd
                0x0000db28                __pow5mult
                0x0000dc48                __s2b
 .text          0x0000dd68      0x1ec c:/develop/altera/13.0sp1/nios2eds/bin/gnu/h-i686-mingw32/bin/../lib/gcc/nios2-elf/4.1.2/../../../../nios2-elf/lib\libc.a(lib_a-putc.o)
                0x0000dd68                putc
                0x0000de6c                _putc_r
 .text          0x0000df54       0x78 c:/develop/altera/13.0sp1/nios2eds/bin/gnu/h-i686-mingw32/bin/../lib/gcc/nios2-elf/4.1.2/../../../../nios2-elf/lib\libc.a(lib_a-readr.o)
                0x0000df54                _read_r
 .text          0x0000dfcc      0x5f4 c:/develop/altera/13.0sp1/nios2eds/bin/gnu/h-i686-mingw32/bin/../lib/gcc/nios2-elf/4.1.2/../../../../nios2-elf/lib\libc.a(lib_a-reallocr.o)
                0x0000dfcc                _realloc_r
 .text          0x0000e5c0       0x40 c:/develop/altera/13.0sp1/nios2eds/bin/gnu/h-i686-mingw32/bin/../lib/gcc/nios2-elf/4.1.2/../../../../nios2-elf/lib\libc.a(lib_a-s_isinfd.o)
                0x0000e5c0                __isinfd
 .text          0x0000e600       0x30 c:/develop/altera/13.0sp1/nios2eds/bin/gnu/h-i686-mingw32/bin/../lib/gcc/nios2-elf/4.1.2/../../../../nios2-elf/lib\libc.a(lib_a-s_isnand.o)
                0x0000e600                __isnand
 .text          0x0000e630       0xbc c:/develop/altera/13.0sp1/nios2eds/bin/gnu/h-i686-mingw32/bin/../lib/gcc/nios2-elf/4.1.2/../../../../nios2-elf/lib\libc.a(lib_a-strcmp.o)
                0x0000e630                strcmp
 .text          0x0000e6ec      0x14c c:/develop/altera/13.0sp1/nios2eds/bin/gnu/h-i686-mingw32/bin/../lib/gcc/nios2-elf/4.1.2/../../../../nios2-elf/lib\libc.a(lib_a-wbuf.o)
                0x0000e6ec                __swbuf_r
                0x0000e81c                __swbuf
 .text          0x0000e838       0xb4 c:/develop/altera/13.0sp1/nios2eds/bin/gnu/h-i686-mingw32/bin/../lib/gcc/nios2-elf/4.1.2/../../../../nios2-elf/lib\libc.a(lib_a-callocr.o)
                0x0000e838                _calloc_r
 .text          0x0000e8ec      0x5dc c:/develop/altera/13.0sp1/nios2eds/bin/gnu/h-i686-mingw32/bin/../lib/gcc/nios2-elf/4.1.2\libgcc.a(_udivdi3.o)
                0x0000e8ec                __udivdi3
 .text          0x0000eec8      0x5b0 c:/develop/altera/13.0sp1/nios2eds/bin/gnu/h-i686-mingw32/bin/../lib/gcc/nios2-elf/4.1.2\libgcc.a(_umoddi3.o)
                0x0000eec8                __umoddi3
 .text          0x0000f478      0x504 c:/develop/altera/13.0sp1/nios2eds/bin/gnu/h-i686-mingw32/bin/../lib/gcc/nios2-elf/4.1.2\libgcc.a(_addsub_df.o)
                0x0000f888                __subdf3
                0x0000f908                __adddf3
 .text          0x0000f97c      0x3c4 c:/develop/altera/13.0sp1/nios2eds/bin/gnu/h-i686-mingw32/bin/../lib/gcc/nios2-elf/4.1.2\libgcc.a(_mul_df.o)
                0x0000f97c                __muldf3
 .text          0x0000fd40      0x258 c:/develop/altera/13.0sp1/nios2eds/bin/gnu/h-i686-mingw32/bin/../lib/gcc/nios2-elf/4.1.2\libgcc.a(_div_df.o)
                0x0000fd40                __divdf3
 .text          0x0000ff98       0x88 c:/develop/altera/13.0sp1/nios2eds/bin/gnu/h-i686-mingw32/bin/../lib/gcc/nios2-elf/4.1.2\libgcc.a(_eq_df.o)
                0x0000ff98                __eqdf2
 .text          0x00010020       0x88 c:/develop/altera/13.0sp1/nios2eds/bin/gnu/h-i686-mingw32/bin/../lib/gcc/nios2-elf/4.1.2\libgcc.a(_ne_df.o)
                0x00010020                __nedf2
 .text          0x000100a8       0x88 c:/develop/altera/13.0sp1/nios2eds/bin/gnu/h-i686-mingw32/bin/../lib/gcc/nios2-elf/4.1.2\libgcc.a(_gt_df.o)
                0x000100a8                __gtdf2
 .text          0x00010130       0x88 c:/develop/altera/13.0sp1/nios2eds/bin/gnu/h-i686-mingw32/bin/../lib/gcc/nios2-elf/4.1.2\libgcc.a(_ge_df.o)
                0x00010130                __gedf2
 .text          0x000101b8       0x88 c:/develop/altera/13.0sp1/nios2eds/bin/gnu/h-i686-mingw32/bin/../lib/gcc/nios2-elf/4.1.2\libgcc.a(_lt_df.o)
                0x000101b8                __ltdf2
 .text          0x00010240       0xf8 c:/develop/altera/13.0sp1/nios2eds/bin/gnu/h-i686-mingw32/bin/../lib/gcc/nios2-elf/4.1.2\libgcc.a(_si_to_df.o)
                0x00010240                __floatsidf
 .text          0x00010338       0xd8 c:/develop/altera/13.0sp1/nios2eds/bin/gnu/h-i686-mingw32/bin/../lib/gcc/nios2-elf/4.1.2\libgcc.a(_df_to_si.o)
                0x00010338                __fixdfsi
 .text          0x00010410        0x0 c:/develop/altera/13.0sp1/nios2eds/bin/gnu/h-i686-mingw32/bin/../lib/gcc/nios2-elf/4.1.2\libgcc.a(_thenan_df.o)
 .text          0x00010410      0x194 c:/develop/altera/13.0sp1/nios2eds/bin/gnu/h-i686-mingw32/bin/../lib/gcc/nios2-elf/4.1.2\libgcc.a(_usi_to_df.o)
                0x00010410                __floatunsidf
 .text          0x000105a4      0x14c c:/develop/altera/13.0sp1/nios2eds/bin/gnu/h-i686-mingw32/bin/../lib/gcc/nios2-elf/4.1.2\libgcc.a(lib2-divmod.o)
                0x00010620                __divsi3
                0x00010680                __modsi3
                0x000106e0                __udivsi3
                0x000106e8                __umodsi3
 .text          0x000106f0       0x98 c:/develop/altera/13.0sp1/nios2eds/bin/gnu/h-i686-mingw32/bin/../lib/gcc/nios2-elf/4.1.2\libgcc.a(_muldi3.o)
                0x000106f0                __muldi3
 .text          0x00010788        0x0 c:/develop/altera/13.0sp1/nios2eds/bin/gnu/h-i686-mingw32/bin/../lib/gcc/nios2-elf/4.1.2\libgcc.a(_clz.o)
 .text          0x00010788       0x80 c:/develop/altera/13.0sp1/nios2eds/bin/gnu/h-i686-mingw32/bin/../lib/gcc/nios2-elf/4.1.2\libgcc.a(_clzsi2.o)
                0x00010788                __clzsi2
 .text          0x00010808      0x314 c:/develop/altera/13.0sp1/nios2eds/bin/gnu/h-i686-mingw32/bin/../lib/gcc/nios2-elf/4.1.2\libgcc.a(_pack_df.o)
                0x00010808                __pack_d
 .text          0x00010b1c      0x138 c:/develop/altera/13.0sp1/nios2eds/bin/gnu/h-i686-mingw32/bin/../lib/gcc/nios2-elf/4.1.2\libgcc.a(_unpack_df.o)
                0x00010b1c                __unpack_d
 .text          0x00010c54       0xc8 c:/develop/altera/13.0sp1/nios2eds/bin/gnu/h-i686-mingw32/bin/../lib/gcc/nios2-elf/4.1.2\libgcc.a(_fpcmp_parts_df.o)
                0x00010c54                __fpcmp_parts_d
 .text          0x00010d1c       0xf0 ../ulexite_bmpload_bsp/\libhal_bsp.a(alt_close.o)
                0x00010d1c                close
 .text          0x00010e0c        0x8 ../ulexite_bmpload_bsp/\libhal_bsp.a(alt_dev.o)
 .text          0x00010e14        0x0 ../ulexite_bmpload_bsp/\libhal_bsp.a(alt_errno.o)
 .text          0x00010e14       0x38 ../ulexite_bmpload_bsp/\libhal_bsp.a(alt_fs_reg.o)
                0x00010e14                alt_fs_reg
 .text          0x00010e4c       0x90 ../ulexite_bmpload_bsp/\libhal_bsp.a(alt_fstat.o)
                0x00010e4c                fstat
 .text          0x00010edc       0x84 ../ulexite_bmpload_bsp/\libhal_bsp.a(alt_isatty.o)
                0x00010edc                isatty
 .text          0x00010f60       0xb4 ../ulexite_bmpload_bsp/\libhal_bsp.a(alt_load.o)
                0x00010f60                alt_load
 .text          0x00011014       0x9c ../ulexite_bmpload_bsp/\libhal_bsp.a(alt_lseek.o)
                0x00011014                lseek
 .text          0x000110b0       0x60 ../ulexite_bmpload_bsp/\libhal_bsp.a(alt_main.o)
                0x000110b0                alt_main
 .text          0x00011110        0x8 ../ulexite_bmpload_bsp/\libhal_bsp.a(alt_malloc_lock.o)
                0x00011110                __malloc_lock
                0x00011114                __malloc_unlock
 .text          0x00011118      0x180 ../ulexite_bmpload_bsp/\libhal_bsp.a(alt_open.o)
                0x00011118                open
 .text          0x00011298      0x11c ../ulexite_bmpload_bsp/\libhal_bsp.a(alt_read.o)
                0x00011298                read
 .text          0x000113b4       0x24 ../ulexite_bmpload_bsp/\libhal_bsp.a(alt_release_fd.o)
                0x000113b4                alt_release_fd
 .text          0x000113d8       0x54 ../ulexite_bmpload_bsp/\libhal_bsp.a(alt_sbrk.o)
                0x000113d8                sbrk
 .text          0x0001142c       0x48 ../ulexite_bmpload_bsp/\libhal_bsp.a(alt_uncached_malloc.o)
                0x0001142c                alt_uncached_malloc
 .text          0x00011474      0x118 ../ulexite_bmpload_bsp/\libhal_bsp.a(alt_write.o)
                0x00011474                write
 .text          0x0001158c       0xa8 ../ulexite_bmpload_bsp/\libhal_bsp.a(alt_sys_init.o)
                0x0001158c                alt_irq_init
                0x000115ac                alt_sys_init
 .text          0x00011634       0x3c ../ulexite_bmpload_bsp/\libhal_bsp.a(altera_avalon_jtag_uart_fd.o)
                0x00011634                altera_avalon_jtag_uart_ioctl_fd
                0x00011640                altera_avalon_jtag_uart_close_fd
                0x00011650                altera_avalon_jtag_uart_write_fd
                0x00011660                altera_avalon_jtag_uart_read_fd
 .text          0x00011670      0x214 ../ulexite_bmpload_bsp/\libhal_bsp.a(altera_avalon_jtag_uart_init.o)
                0x00011670                altera_avalon_jtag_uart_close
                0x000116fc                altera_avalon_jtag_uart_init
 .text          0x00011884       0x88 ../ulexite_bmpload_bsp/\libhal_bsp.a(altera_avalon_jtag_uart_ioctl.o)
                0x00011884                altera_avalon_jtag_uart_ioctl
 .text          0x0001190c      0x16c ../ulexite_bmpload_bsp/\libhal_bsp.a(altera_avalon_jtag_uart_read.o)
                0x0001190c                altera_avalon_jtag_uart_read
 .text          0x00011a78      0x17c ../ulexite_bmpload_bsp/\libhal_bsp.a(altera_avalon_jtag_uart_write.o)
                0x00011a78                altera_avalon_jtag_uart_write
 .text          0x00011bf4       0x8c ../ulexite_bmpload_bsp/\libhal_bsp.a(altera_avalon_timer_sc.o)
                0x00011bf4                alt_avalon_timer_sc_init
 .text          0x00011c80       0x30 ../ulexite_bmpload_bsp/\libhal_bsp.a(altera_avalon_uart_fd.o)
                0x00011c80                altera_avalon_uart_close_fd
                0x00011c90                altera_avalon_uart_write_fd
                0x00011ca0                altera_avalon_uart_read_fd
 .text          0x00011cb0      0x1ac ../ulexite_bmpload_bsp/\libhal_bsp.a(altera_avalon_uart_init.o)
                0x00011cb0                altera_avalon_uart_close
                0x00011e1c                altera_avalon_uart_init
 .text          0x00011e5c      0x140 ../ulexite_bmpload_bsp/\libhal_bsp.a(altera_avalon_uart_read.o)
                0x00011e5c                altera_avalon_uart_read
 .text          0x00011f9c      0x138 ../ulexite_bmpload_bsp/\libhal_bsp.a(altera_avalon_uart_write.o)
                0x00011f9c                altera_avalon_uart_write
 .text          0x000120d4       0x94 ../ulexite_bmpload_bsp/\libhal_bsp.a(alt_alarm_start.o)
                0x000120d4                alt_alarm_start
 .text          0x00012168       0x28 ../ulexite_bmpload_bsp/\libhal_bsp.a(alt_dcache_flush.o)
                0x00012168                alt_dcache_flush
 .text          0x00012190       0x18 ../ulexite_bmpload_bsp/\libhal_bsp.a(alt_dcache_flush_all.o)
                0x00012190                alt_dcache_flush_all
 .text          0x000121a8       0x7c ../ulexite_bmpload_bsp/\libhal_bsp.a(alt_dev_llist_insert.o)
                0x000121a8                alt_dev_llist_insert
 .text          0x00012224       0x4c ../ulexite_bmpload_bsp/\libhal_bsp.a(alt_do_ctors.o)
                0x00012224                _do_ctors
 .text          0x00012270       0x4c ../ulexite_bmpload_bsp/\libhal_bsp.a(alt_do_dtors.o)
                0x00012270                _do_dtors
 .text          0x000122bc       0x94 ../ulexite_bmpload_bsp/\libhal_bsp.a(alt_find_dev.o)
                0x000122bc                alt_find_dev
 .text          0x00012350       0xb0 ../ulexite_bmpload_bsp/\libhal_bsp.a(alt_find_file.o)
                0x00012350                alt_find_file
 .text          0x00012400       0x60 ../ulexite_bmpload_bsp/\libhal_bsp.a(alt_get_fd.o)
                0x00012400                alt_get_fd
 .text          0x00012460        0xc ../ulexite_bmpload_bsp/\libhal_bsp.a(alt_icache_flush_all.o)
                0x00012460                alt_icache_flush_all
 .text          0x0001246c       0x9c ../ulexite_bmpload_bsp/\libhal_bsp.a(alt_iic.o)
                0x0001246c                alt_ic_irq_enabled
                0x00012484                alt_ic_irq_enable
                0x000124c4                alt_ic_irq_disable
                0x00012504                alt_ic_isr_register
 .text          0x00012508       0x88 ../ulexite_bmpload_bsp/\libhal_bsp.a(alt_iic_isr_register.o)
                0x00012508                alt_iic_isr_register
 .text          0x00012590       0xfc ../ulexite_bmpload_bsp/\libhal_bsp.a(alt_io_redirect.o)
                0x00012600                alt_io_redirect
 .text          0x0001268c        0x0 ../ulexite_bmpload_bsp/\libhal_bsp.a(alt_irq_entry.o)
 .text          0x0001268c        0x0 ../ulexite_bmpload_bsp/\libhal_bsp.a(alt_irq_handler.o)
 .text          0x0001268c        0x0 ../ulexite_bmpload_bsp/\libhal_bsp.a(alt_irq_vars.o)
 .text          0x0001268c       0xf4 ../ulexite_bmpload_bsp/\libhal_bsp.a(alt_tick.o)
                0x0001268c                alt_alarm_stop
                0x000126c0                alt_tick
 .text          0x00012780        0x8 ../ulexite_bmpload_bsp/\libhal_bsp.a(altera_nios2_qsys_irq.o)
                0x00012780                altera_nios2_qsys_irq_init
 .text          0x00012788        0x0 ../ulexite_bmpload_bsp/\libhal_bsp.a(alt_exception_entry.o)
 .text          0x00012788       0x38 ../ulexite_bmpload_bsp/\libhal_bsp.a(alt_icache_flush.o)
                0x00012788                alt_icache_flush
 .text          0x000127c0       0x14 c:/develop/altera/13.0sp1/nios2eds/bin/gnu/h-i686-mingw32/bin/../lib/gcc/nios2-elf/4.1.2/../../../../nios2-elf/lib\libc.a(lib_a-atexit.o)
                0x000127c0                atexit
 .text          0x000127d4       0x38 c:/develop/altera/13.0sp1/nios2eds/bin/gnu/h-i686-mingw32/bin/../lib/gcc/nios2-elf/4.1.2/../../../../nios2-elf/lib\libc.a(lib_a-exit.o)
                0x000127d4                exit
 .text          0x0001280c       0x28 c:/develop/altera/13.0sp1/nios2eds/bin/gnu/h-i686-mingw32/bin/../lib/gcc/nios2-elf/4.1.2/../../../../nios2-elf/lib\libc.a(lib_a-malloc.o)
                0x0001280c                free
                0x00012820                malloc
 .text          0x00012834       0x74 c:/develop/altera/13.0sp1/nios2eds/bin/gnu/h-i686-mingw32/bin/../lib/gcc/nios2-elf/4.1.2/../../../../nios2-elf/lib\libc.a(lib_a-memcmp.o)
                0x00012834                memcmp
 .text          0x000128a8      0x134 c:/develop/altera/13.0sp1/nios2eds/bin/gnu/h-i686-mingw32/bin/../lib/gcc/nios2-elf/4.1.2/../../../../nios2-elf/lib\libc.a(lib_a-__atexit.o)
                0x000128a8                __register_exitproc
 .text          0x000129dc      0x1b4 c:/develop/altera/13.0sp1/nios2eds/bin/gnu/h-i686-mingw32/bin/../lib/gcc/nios2-elf/4.1.2/../../../../nios2-elf/lib\libc.a(lib_a-__call_atexit.o)
                0x000129e0                __call_exitprocs
 .text          0x00012b90       0x14 ../ulexite_bmpload_bsp/\libhal_bsp.a(alt_exit.o)
                0x00012b90                _exit
 *(.gnu.warning.*)
 *(.fini)
                0x00012ba4                PROVIDE (__etext, ABSOLUTE (.))
                0x00012ba4                PROVIDE (_etext, ABSOLUTE (.))
                0x00012ba4                PROVIDE (etext, ABSOLUTE (.))
 *(.eh_frame_hdr)
                0x00012ba4                . = ALIGN (0x4)
                0x00012ba4                PROVIDE (__preinit_array_start, ABSOLUTE (.))
 *(.preinit_array)
                0x00012ba4                PROVIDE (__preinit_array_end, ABSOLUTE (.))
                0x00012ba4                PROVIDE (__init_array_start, ABSOLUTE (.))
 *(.init_array)
                0x00012ba4                PROVIDE (__init_array_end, ABSOLUTE (.))
                0x00012ba4                PROVIDE (__fini_array_start, ABSOLUTE (.))
 *(.fini_array)
                0x00012ba4                PROVIDE (__fini_array_end, ABSOLUTE (.))
 *(.eh_frame)
 *(.gcc_except_table)
 *(.dynamic)
                0x00012ba4                PROVIDE (__CTOR_LIST__, ABSOLUTE (.))
 *(.ctors)
 *(SORT(.ctors.*))
 .ctors.65535   0x00012ba4        0x4 c:/develop/altera/13.0sp1/nios2eds/bin/gnu/h-i686-mingw32/bin/../lib/gcc/nios2-elf/4.1.2/../../../../nios2-elf/lib\libc.a(lib_a-__call_atexit.o)
                0x00012ba8                PROVIDE (__CTOR_END__, ABSOLUTE (.))
                0x00012ba8                PROVIDE (__DTOR_LIST__, ABSOLUTE (.))
 *(.dtors)
 *(SORT(.dtors.*))
                0x00012ba8                PROVIDE (__DTOR_END__, ABSOLUTE (.))
 *(.jcr)
                0x00012ba8                . = ALIGN (0x4)

.rodata         0x00012ba8    0x32278
                0x00012ba8                PROVIDE (__ram_rodata_start, ABSOLUTE (.))
                0x00012ba8                . = ALIGN (0x4)
 *(.rodata .rodata.* .gnu.linkonce.r.*)
 .rodata.str1.4
                0x00012ba8       0x3e obj/default/file_test.o
                                 0x40 (size before relaxing)
 *fill*         0x00012be6        0x2 00
 .rodata.str1.4
                0x00012be8       0x8d obj/default/loadbmp.o
                                 0x90 (size before relaxing)
 *fill*         0x00012c75        0x3 00
 .rodata.str1.4
                0x00012c78       0x13 obj/default/mmcfs/fatfs/ff.o
                                 0x14 (size before relaxing)
 .rodata        0x00012c8b        0xd obj/default/mmcfs/fatfs/ff.o
 .rodata        0x00012c98     0xeab0 obj/default/mmcfs/fatfs/option/cc932.o
 .rodata.str1.4
                0x00021748        0x7 obj/default/mmcfs/mmcfs.o
                                  0x8 (size before relaxing)
 *fill*         0x0002174f        0x1 00
 .rodata        0x00021750    0x2216c obj/default/nd_lib/fontx_k12x10.o
                0x00021750                fontx_k12x10_fnt
 .rodata        0x000438bc      0xa14 obj/default/nd_lib/fontx_k6x10.o
                0x000438bc                fontx_k6x10_fnt
 .rodata        0x000442d0      0x400 obj/default/nd_lib/nd_egl.o
                0x000442d0                nd_GsEglRomFont
 .rodata.str1.4
                0x000446d0      0x21c obj/default/testuty.o
                                0x220 (size before relaxing)
 .rodata        0x000448ec      0x200 obj/default/testuty.o
 .rodata.str1.4
                0x00044aec        0x2 c:/develop/altera/13.0sp1/nios2eds/bin/gnu/h-i686-mingw32/bin/../lib/gcc/nios2-elf/4.1.2/../../../../nios2-elf/lib\libc.a(lib_a-impure.o)
                                  0x4 (size before relaxing)
 .rodata.str1.4
                0x00000000        0x4 c:/develop/altera/13.0sp1/nios2eds/bin/gnu/h-i686-mingw32/bin/../lib/gcc/nios2-elf/4.1.2/../../../../nios2-elf/lib\libc.a(lib_a-puts.o)
 *fill*         0x00044aee        0x2 00
 .rodata.str1.4
                0x00044af0       0x5e c:/develop/altera/13.0sp1/nios2eds/bin/gnu/h-i686-mingw32/bin/../lib/gcc/nios2-elf/4.1.2/../../../../nios2-elf/lib\libc.a(lib_a-vfprintf.o)
                                 0x60 (size before relaxing)
 .rodata        0x00044b4e       0x20 c:/develop/altera/13.0sp1/nios2eds/bin/gnu/h-i686-mingw32/bin/../lib/gcc/nios2-elf/4.1.2/../../../../nios2-elf/lib\libc.a(lib_a-vfprintf.o)
 *fill*         0x00044b6e        0x2 00
 .rodata.str1.4
                0x00044b70       0x10 c:/develop/altera/13.0sp1/nios2eds/bin/gnu/h-i686-mingw32/bin/../lib/gcc/nios2-elf/4.1.2/../../../../nios2-elf/lib\libc.a(lib_a-dtoa.o)
                                 0x14 (size before relaxing)
 .rodata.str1.4
                0x00044b80        0xb c:/develop/altera/13.0sp1/nios2eds/bin/gnu/h-i686-mingw32/bin/../lib/gcc/nios2-elf/4.1.2/../../../../nios2-elf/lib\libc.a(lib_a-locale.o)
                                 0x18 (size before relaxing)
 *fill*         0x00044b8b        0x1 00
 .rodata        0x00044b8c       0x30 c:/develop/altera/13.0sp1/nios2eds/bin/gnu/h-i686-mingw32/bin/../lib/gcc/nios2-elf/4.1.2/../../../../nios2-elf/lib\libc.a(lib_a-locale.o)
 .rodata        0x00044bbc      0x124 c:/develop/altera/13.0sp1/nios2eds/bin/gnu/h-i686-mingw32/bin/../lib/gcc/nios2-elf/4.1.2/../../../../nios2-elf/lib\libc.a(lib_a-mprec.o)
                0x00044bbc                __mprec_tens
                0x00044c84                __mprec_bigtens
                0x00044cac                __mprec_tinytens
 .rodata        0x00044ce0       0x14 c:/develop/altera/13.0sp1/nios2eds/bin/gnu/h-i686-mingw32/bin/../lib/gcc/nios2-elf/4.1.2\libgcc.a(_thenan_df.o)
                0x00044ce0                __thenan_df
 .rodata        0x00044cf4      0x100 c:/develop/altera/13.0sp1/nios2eds/bin/gnu/h-i686-mingw32/bin/../lib/gcc/nios2-elf/4.1.2\libgcc.a(_clz.o)
                0x00044cf4                __clz_tab
 .rodata.str1.4
                0x00044df4        0xa ../ulexite_bmpload_bsp/\libhal_bsp.a(alt_dev.o)
                                  0xc (size before relaxing)
 *fill*         0x00044dfe        0x2 00
 .rodata.str1.4
                0x00044e00        0xf ../ulexite_bmpload_bsp/\libhal_bsp.a(alt_main.o)
                                 0x10 (size before relaxing)
 *fill*         0x00044e0f        0x1 00
 .rodata.str1.4
                0x00044e10       0x10 ../ulexite_bmpload_bsp/\libhal_bsp.a(alt_sys_init.o)
                                 0x20 (size before relaxing)
 *(.rodata1)
                0x00044e20                . = ALIGN (0x4)
                0x00044e20                PROVIDE (__ram_rodata_end, ABSOLUTE (.))
                0x00012ba8                PROVIDE (__flash_rodata_start, LOADADDR (.rodata))

.rwdata         0x00044e20     0x1b4c
                0x00044e20                PROVIDE (__ram_rwdata_start, ABSOLUTE (.))
                0x00044e20                . = ALIGN (0x4)
 *(.got.plt)
 *(.got)
 *(.data1)
 *(.data .data.* .gnu.linkonce.d.*)
 .data          0x00044e20        0x0 ../ulexite_bmpload_bsp//obj/HAL/src/crt0.o
 .data          0x00044e20        0x0 obj/default/file_test.o
 .data          0x00044e20        0x0 obj/default/loadbmp.o
 .data          0x00044e20        0x0 obj/default/mmcfs/fatfs/ff.o
 .data          0x00044e20        0x0 obj/default/mmcfs/fatfs/mmcbb.o
 .data          0x00044e20        0x0 obj/default/mmcfs/fatfs/option/cc932.o
 .data          0x00044e20        0x0 obj/default/mmcfs/gettime.o
 .data          0x00044e20        0x0 obj/default/mmcfs/mmc_spi.o
 .data          0x00044e20       0x28 obj/default/mmcfs/mmcfs.o
 .data          0x00044e48        0x0 obj/default/nd_lib/fontx_k12x10.o
 .data          0x00044e48        0x0 obj/default/nd_lib/fontx_k6x10.o
 .data          0x00044e48        0x0 obj/default/nd_lib/nd_egl.o
 .data          0x00044e48        0x0 obj/default/testuty.o
 .data          0x00044e48        0x0 c:/develop/altera/13.0sp1/nios2eds/bin/gnu/h-i686-mingw32/bin/../lib/gcc/nios2-elf/4.1.2/../../../../nios2-elf/lib\libc.a(lib_a-fclose.o)
 .data          0x00044e48        0x0 c:/develop/altera/13.0sp1/nios2eds/bin/gnu/h-i686-mingw32/bin/../lib/gcc/nios2-elf/4.1.2/../../../../nios2-elf/lib\libc.a(lib_a-fflush.o)
 .data          0x00044e48        0x0 c:/develop/altera/13.0sp1/nios2eds/bin/gnu/h-i686-mingw32/bin/../lib/gcc/nios2-elf/4.1.2/../../../../nios2-elf/lib\libc.a(lib_a-findfp.o)
 .data          0x00044e48        0x0 c:/develop/altera/13.0sp1/nios2eds/bin/gnu/h-i686-mingw32/bin/../lib/gcc/nios2-elf/4.1.2/../../../../nios2-elf/lib\libc.a(lib_a-fopen.o)
 .data          0x00044e48        0x0 c:/develop/altera/13.0sp1/nios2eds/bin/gnu/h-i686-mingw32/bin/../lib/gcc/nios2-elf/4.1.2/../../../../nios2-elf/lib\libc.a(lib_a-fread.o)
 .data          0x00044e48        0x0 c:/develop/altera/13.0sp1/nios2eds/bin/gnu/h-i686-mingw32/bin/../lib/gcc/nios2-elf/4.1.2/../../../../nios2-elf/lib\libc.a(lib_a-freer.o)
 .data          0x00044e48        0x0 c:/develop/altera/13.0sp1/nios2eds/bin/gnu/h-i686-mingw32/bin/../lib/gcc/nios2-elf/4.1.2/../../../../nios2-elf/lib\libc.a(lib_a-fseek.o)
 .data          0x00044e48        0x0 c:/develop/altera/13.0sp1/nios2eds/bin/gnu/h-i686-mingw32/bin/../lib/gcc/nios2-elf/4.1.2/../../../../nios2-elf/lib\libc.a(lib_a-fstatr.o)
 .data          0x00044e48        0x0 c:/develop/altera/13.0sp1/nios2eds/bin/gnu/h-i686-mingw32/bin/../lib/gcc/nios2-elf/4.1.2/../../../../nios2-elf/lib\libc.a(lib_a-fwalk.o)
 .data          0x00044e48      0x400 c:/develop/altera/13.0sp1/nios2eds/bin/gnu/h-i686-mingw32/bin/../lib/gcc/nios2-elf/4.1.2/../../../../nios2-elf/lib\libc.a(lib_a-impure.o)
 .data          0x00045248        0x0 c:/develop/altera/13.0sp1/nios2eds/bin/gnu/h-i686-mingw32/bin/../lib/gcc/nios2-elf/4.1.2/../../../../nios2-elf/lib\libc.a(lib_a-int_errno.o)
 .data          0x00045248        0x0 c:/develop/altera/13.0sp1/nios2eds/bin/gnu/h-i686-mingw32/bin/../lib/gcc/nios2-elf/4.1.2/../../../../nios2-elf/lib\libc.a(lib_a-makebuf.o)
 .data          0x00045248      0x408 c:/develop/altera/13.0sp1/nios2eds/bin/gnu/h-i686-mingw32/bin/../lib/gcc/nios2-elf/4.1.2/../../../../nios2-elf/lib\libc.a(lib_a-mallocr.o)
                0x00045248                __malloc_av_
 .data          0x00045650        0x0 c:/develop/altera/13.0sp1/nios2eds/bin/gnu/h-i686-mingw32/bin/../lib/gcc/nios2-elf/4.1.2/../../../../nios2-elf/lib\libc.a(lib_a-memcpy.o)
 .data          0x00045650        0x0 c:/develop/altera/13.0sp1/nios2eds/bin/gnu/h-i686-mingw32/bin/../lib/gcc/nios2-elf/4.1.2/../../../../nios2-elf/lib\libc.a(lib_a-memset.o)
 .data          0x00045650        0x0 c:/develop/altera/13.0sp1/nios2eds/bin/gnu/h-i686-mingw32/bin/../lib/gcc/nios2-elf/4.1.2/../../../../nios2-elf/lib\libc.a(lib_a-openr.o)
 .data          0x00045650        0x0 c:/develop/altera/13.0sp1/nios2eds/bin/gnu/h-i686-mingw32/bin/../lib/gcc/nios2-elf/4.1.2/../../../../nios2-elf/lib\libc.a(lib_a-printf.o)
 .data          0x00045650        0x0 c:/develop/altera/13.0sp1/nios2eds/bin/gnu/h-i686-mingw32/bin/../lib/gcc/nios2-elf/4.1.2/../../../../nios2-elf/lib\libc.a(lib_a-putchar.o)
 .data          0x00045650        0x0 c:/develop/altera/13.0sp1/nios2eds/bin/gnu/h-i686-mingw32/bin/../lib/gcc/nios2-elf/4.1.2/../../../../nios2-elf/lib\libc.a(lib_a-puts.o)
 .data          0x00045650        0x0 c:/develop/altera/13.0sp1/nios2eds/bin/gnu/h-i686-mingw32/bin/../lib/gcc/nios2-elf/4.1.2/../../../../nios2-elf/lib\libc.a(lib_a-refill.o)
 .data          0x00045650        0x0 c:/develop/altera/13.0sp1/nios2eds/bin/gnu/h-i686-mingw32/bin/../lib/gcc/nios2-elf/4.1.2/../../../../nios2-elf/lib\libc.a(lib_a-sbrkr.o)
 .data          0x00045650        0x0 c:/develop/altera/13.0sp1/nios2eds/bin/gnu/h-i686-mingw32/bin/../lib/gcc/nios2-elf/4.1.2/../../../../nios2-elf/lib\libc.a(lib_a-stdio.o)
 .data          0x00045650        0x0 c:/develop/altera/13.0sp1/nios2eds/bin/gnu/h-i686-mingw32/bin/../lib/gcc/nios2-elf/4.1.2/../../../../nios2-elf/lib\libc.a(lib_a-strlen.o)
 .data          0x00045650        0x0 c:/develop/altera/13.0sp1/nios2eds/bin/gnu/h-i686-mingw32/bin/../lib/gcc/nios2-elf/4.1.2/../../../../nios2-elf/lib\libc.a(lib_a-vfprintf.o)
 .data          0x00045650        0x0 c:/develop/altera/13.0sp1/nios2eds/bin/gnu/h-i686-mingw32/bin/../lib/gcc/nios2-elf/4.1.2/../../../../nios2-elf/lib\libc.a(lib_a-writer.o)
 .data          0x00045650        0x0 c:/develop/altera/13.0sp1/nios2eds/bin/gnu/h-i686-mingw32/bin/../lib/gcc/nios2-elf/4.1.2/../../../../nios2-elf/lib\libc.a(lib_a-wsetup.o)
 .data          0x00045650        0x0 c:/develop/altera/13.0sp1/nios2eds/bin/gnu/h-i686-mingw32/bin/../lib/gcc/nios2-elf/4.1.2/../../../../nios2-elf/lib\libc.a(lib_a-closer.o)
 .data          0x00045650        0x0 c:/develop/altera/13.0sp1/nios2eds/bin/gnu/h-i686-mingw32/bin/../lib/gcc/nios2-elf/4.1.2/../../../../nios2-elf/lib\libc.a(lib_a-dtoa.o)
 .data          0x00045650        0x0 c:/develop/altera/13.0sp1/nios2eds/bin/gnu/h-i686-mingw32/bin/../lib/gcc/nios2-elf/4.1.2/../../../../nios2-elf/lib\libc.a(lib_a-flags.o)
 .data          0x00045650        0x0 c:/develop/altera/13.0sp1/nios2eds/bin/gnu/h-i686-mingw32/bin/../lib/gcc/nios2-elf/4.1.2/../../../../nios2-elf/lib\libc.a(lib_a-fvwrite.o)
 .data          0x00045650        0x0 c:/develop/altera/13.0sp1/nios2eds/bin/gnu/h-i686-mingw32/bin/../lib/gcc/nios2-elf/4.1.2/../../../../nios2-elf/lib\libc.a(lib_a-isattyr.o)
 .data          0x00045650        0xc c:/develop/altera/13.0sp1/nios2eds/bin/gnu/h-i686-mingw32/bin/../lib/gcc/nios2-elf/4.1.2/../../../../nios2-elf/lib\libc.a(lib_a-locale.o)
                0x00045650                __lc_ctype
 .data          0x0004565c        0x0 c:/develop/altera/13.0sp1/nios2eds/bin/gnu/h-i686-mingw32/bin/../lib/gcc/nios2-elf/4.1.2/../../../../nios2-elf/lib\libc.a(lib_a-lseekr.o)
 .data          0x0004565c        0x0 c:/develop/altera/13.0sp1/nios2eds/bin/gnu/h-i686-mingw32/bin/../lib/gcc/nios2-elf/4.1.2/../../../../nios2-elf/lib\libc.a(lib_a-memchr.o)
 .data          0x0004565c        0x0 c:/develop/altera/13.0sp1/nios2eds/bin/gnu/h-i686-mingw32/bin/../lib/gcc/nios2-elf/4.1.2/../../../../nios2-elf/lib\libc.a(lib_a-memmove.o)
 .data          0x0004565c        0x0 c:/develop/altera/13.0sp1/nios2eds/bin/gnu/h-i686-mingw32/bin/../lib/gcc/nios2-elf/4.1.2/../../../../nios2-elf/lib\libc.a(lib_a-mprec.o)
 .data          0x0004565c        0x0 c:/develop/altera/13.0sp1/nios2eds/bin/gnu/h-i686-mingw32/bin/../lib/gcc/nios2-elf/4.1.2/../../../../nios2-elf/lib\libc.a(lib_a-putc.o)
 .data          0x0004565c        0x0 c:/develop/altera/13.0sp1/nios2eds/bin/gnu/h-i686-mingw32/bin/../lib/gcc/nios2-elf/4.1.2/../../../../nios2-elf/lib\libc.a(lib_a-readr.o)
 .data          0x0004565c        0x0 c:/develop/altera/13.0sp1/nios2eds/bin/gnu/h-i686-mingw32/bin/../lib/gcc/nios2-elf/4.1.2/../../../../nios2-elf/lib\libc.a(lib_a-reallocr.o)
 .data          0x0004565c        0x0 c:/develop/altera/13.0sp1/nios2eds/bin/gnu/h-i686-mingw32/bin/../lib/gcc/nios2-elf/4.1.2/../../../../nios2-elf/lib\libc.a(lib_a-s_isinfd.o)
 .data          0x0004565c        0x0 c:/develop/altera/13.0sp1/nios2eds/bin/gnu/h-i686-mingw32/bin/../lib/gcc/nios2-elf/4.1.2/../../../../nios2-elf/lib\libc.a(lib_a-s_isnand.o)
 .data          0x0004565c        0x0 c:/develop/altera/13.0sp1/nios2eds/bin/gnu/h-i686-mingw32/bin/../lib/gcc/nios2-elf/4.1.2/../../../../nios2-elf/lib\libc.a(lib_a-strcmp.o)
 .data          0x0004565c        0x0 c:/develop/altera/13.0sp1/nios2eds/bin/gnu/h-i686-mingw32/bin/../lib/gcc/nios2-elf/4.1.2/../../../../nios2-elf/lib\libc.a(lib_a-wbuf.o)
 .data          0x0004565c        0x0 c:/develop/altera/13.0sp1/nios2eds/bin/gnu/h-i686-mingw32/bin/../lib/gcc/nios2-elf/4.1.2/../../../../nios2-elf/lib\libc.a(lib_a-callocr.o)
 .data          0x0004565c        0x0 c:/develop/altera/13.0sp1/nios2eds/bin/gnu/h-i686-mingw32/bin/../lib/gcc/nios2-elf/4.1.2\libgcc.a(_udivdi3.o)
 .data          0x0004565c        0x0 c:/develop/altera/13.0sp1/nios2eds/bin/gnu/h-i686-mingw32/bin/../lib/gcc/nios2-elf/4.1.2\libgcc.a(_umoddi3.o)
 .data          0x0004565c        0x0 c:/develop/altera/13.0sp1/nios2eds/bin/gnu/h-i686-mingw32/bin/../lib/gcc/nios2-elf/4.1.2\libgcc.a(_addsub_df.o)
 .data          0x0004565c        0x0 c:/develop/altera/13.0sp1/nios2eds/bin/gnu/h-i686-mingw32/bin/../lib/gcc/nios2-elf/4.1.2\libgcc.a(_mul_df.o)
 .data          0x0004565c        0x0 c:/develop/altera/13.0sp1/nios2eds/bin/gnu/h-i686-mingw32/bin/../lib/gcc/nios2-elf/4.1.2\libgcc.a(_div_df.o)
 .data          0x0004565c        0x0 c:/develop/altera/13.0sp1/nios2eds/bin/gnu/h-i686-mingw32/bin/../lib/gcc/nios2-elf/4.1.2\libgcc.a(_eq_df.o)
 .data          0x0004565c        0x0 c:/develop/altera/13.0sp1/nios2eds/bin/gnu/h-i686-mingw32/bin/../lib/gcc/nios2-elf/4.1.2\libgcc.a(_ne_df.o)
 .data          0x0004565c        0x0 c:/develop/altera/13.0sp1/nios2eds/bin/gnu/h-i686-mingw32/bin/../lib/gcc/nios2-elf/4.1.2\libgcc.a(_gt_df.o)
 .data          0x0004565c        0x0 c:/develop/altera/13.0sp1/nios2eds/bin/gnu/h-i686-mingw32/bin/../lib/gcc/nios2-elf/4.1.2\libgcc.a(_ge_df.o)
 .data          0x0004565c        0x0 c:/develop/altera/13.0sp1/nios2eds/bin/gnu/h-i686-mingw32/bin/../lib/gcc/nios2-elf/4.1.2\libgcc.a(_lt_df.o)
 .data          0x0004565c        0x0 c:/develop/altera/13.0sp1/nios2eds/bin/gnu/h-i686-mingw32/bin/../lib/gcc/nios2-elf/4.1.2\libgcc.a(_si_to_df.o)
 .data          0x0004565c        0x0 c:/develop/altera/13.0sp1/nios2eds/bin/gnu/h-i686-mingw32/bin/../lib/gcc/nios2-elf/4.1.2\libgcc.a(_df_to_si.o)
 .data          0x0004565c        0x0 c:/develop/altera/13.0sp1/nios2eds/bin/gnu/h-i686-mingw32/bin/../lib/gcc/nios2-elf/4.1.2\libgcc.a(_thenan_df.o)
 .data          0x0004565c        0x0 c:/develop/altera/13.0sp1/nios2eds/bin/gnu/h-i686-mingw32/bin/../lib/gcc/nios2-elf/4.1.2\libgcc.a(_usi_to_df.o)
 .data          0x0004565c        0x0 c:/develop/altera/13.0sp1/nios2eds/bin/gnu/h-i686-mingw32/bin/../lib/gcc/nios2-elf/4.1.2\libgcc.a(lib2-divmod.o)
 .data          0x0004565c        0x0 c:/develop/altera/13.0sp1/nios2eds/bin/gnu/h-i686-mingw32/bin/../lib/gcc/nios2-elf/4.1.2\libgcc.a(_muldi3.o)
 .data          0x0004565c        0x0 c:/develop/altera/13.0sp1/nios2eds/bin/gnu/h-i686-mingw32/bin/../lib/gcc/nios2-elf/4.1.2\libgcc.a(_clz.o)
 .data          0x0004565c        0x0 c:/develop/altera/13.0sp1/nios2eds/bin/gnu/h-i686-mingw32/bin/../lib/gcc/nios2-elf/4.1.2\libgcc.a(_clzsi2.o)
 .data          0x0004565c        0x0 c:/develop/altera/13.0sp1/nios2eds/bin/gnu/h-i686-mingw32/bin/../lib/gcc/nios2-elf/4.1.2\libgcc.a(_pack_df.o)
 .data          0x0004565c        0x0 c:/develop/altera/13.0sp1/nios2eds/bin/gnu/h-i686-mingw32/bin/../lib/gcc/nios2-elf/4.1.2\libgcc.a(_unpack_df.o)
 .data          0x0004565c        0x0 c:/develop/altera/13.0sp1/nios2eds/bin/gnu/h-i686-mingw32/bin/../lib/gcc/nios2-elf/4.1.2\libgcc.a(_fpcmp_parts_df.o)
 .data          0x0004565c        0x0 ../ulexite_bmpload_bsp/\libhal_bsp.a(alt_close.o)
 .data          0x0004565c      0x1a8 ../ulexite_bmpload_bsp/\libhal_bsp.a(alt_dev.o)
                0x0004565c                alt_dev_null
                0x00045684                alt_fd_list
 .data          0x00045804        0x0 ../ulexite_bmpload_bsp/\libhal_bsp.a(alt_errno.o)
 .data          0x00045804        0x0 ../ulexite_bmpload_bsp/\libhal_bsp.a(alt_fs_reg.o)
 .data          0x00045804        0x0 ../ulexite_bmpload_bsp/\libhal_bsp.a(alt_fstat.o)
 .data          0x00045804        0x0 ../ulexite_bmpload_bsp/\libhal_bsp.a(alt_isatty.o)
 .data          0x00045804        0x0 ../ulexite_bmpload_bsp/\libhal_bsp.a(alt_load.o)
 .data          0x00045804        0x0 ../ulexite_bmpload_bsp/\libhal_bsp.a(alt_lseek.o)
 .data          0x00045804        0x0 ../ulexite_bmpload_bsp/\libhal_bsp.a(alt_main.o)
 .data          0x00045804        0x0 ../ulexite_bmpload_bsp/\libhal_bsp.a(alt_malloc_lock.o)
 .data          0x00045804        0x0 ../ulexite_bmpload_bsp/\libhal_bsp.a(alt_open.o)
 .data          0x00045804        0x0 ../ulexite_bmpload_bsp/\libhal_bsp.a(alt_read.o)
 .data          0x00045804        0x0 ../ulexite_bmpload_bsp/\libhal_bsp.a(alt_release_fd.o)
 .data          0x00045804        0x0 ../ulexite_bmpload_bsp/\libhal_bsp.a(alt_sbrk.o)
 .data          0x00045804        0x0 ../ulexite_bmpload_bsp/\libhal_bsp.a(alt_uncached_malloc.o)
 .data          0x00045804        0x0 ../ulexite_bmpload_bsp/\libhal_bsp.a(alt_write.o)
 .data          0x00045804     0x1124 ../ulexite_bmpload_bsp/\libhal_bsp.a(alt_sys_init.o)
 .data          0x00046928        0x0 ../ulexite_bmpload_bsp/\libhal_bsp.a(altera_avalon_jtag_uart_fd.o)
 .data          0x00046928        0x0 ../ulexite_bmpload_bsp/\libhal_bsp.a(altera_avalon_jtag_uart_init.o)
 .data          0x00046928        0x0 ../ulexite_bmpload_bsp/\libhal_bsp.a(altera_avalon_jtag_uart_ioctl.o)
 .data          0x00046928        0x0 ../ulexite_bmpload_bsp/\libhal_bsp.a(altera_avalon_jtag_uart_read.o)
 .data          0x00046928        0x0 ../ulexite_bmpload_bsp/\libhal_bsp.a(altera_avalon_jtag_uart_write.o)
 .data          0x00046928        0x0 ../ulexite_bmpload_bsp/\libhal_bsp.a(altera_avalon_timer_sc.o)
 .data          0x00046928        0x0 ../ulexite_bmpload_bsp/\libhal_bsp.a(altera_avalon_uart_fd.o)
 .data          0x00046928        0x0 ../ulexite_bmpload_bsp/\libhal_bsp.a(altera_avalon_uart_init.o)
 .data          0x00046928        0x0 ../ulexite_bmpload_bsp/\libhal_bsp.a(altera_avalon_uart_read.o)
 .data          0x00046928        0x0 ../ulexite_bmpload_bsp/\libhal_bsp.a(altera_avalon_uart_write.o)
 .data          0x00046928        0x0 ../ulexite_bmpload_bsp/\libhal_bsp.a(alt_alarm_start.o)
 .data          0x00046928        0x0 ../ulexite_bmpload_bsp/\libhal_bsp.a(alt_dcache_flush.o)
 .data          0x00046928        0x0 ../ulexite_bmpload_bsp/\libhal_bsp.a(alt_dcache_flush_all.o)
 .data          0x00046928        0x0 ../ulexite_bmpload_bsp/\libhal_bsp.a(alt_dev_llist_insert.o)
 .data          0x00046928        0x0 ../ulexite_bmpload_bsp/\libhal_bsp.a(alt_do_ctors.o)
 .data          0x00046928        0x0 ../ulexite_bmpload_bsp/\libhal_bsp.a(alt_do_dtors.o)
 .data          0x00046928        0x0 ../ulexite_bmpload_bsp/\libhal_bsp.a(alt_find_dev.o)
 .data          0x00046928        0x0 ../ulexite_bmpload_bsp/\libhal_bsp.a(alt_find_file.o)
 .data          0x00046928        0x0 ../ulexite_bmpload_bsp/\libhal_bsp.a(alt_get_fd.o)
 .data          0x00046928        0x0 ../ulexite_bmpload_bsp/\libhal_bsp.a(alt_icache_flush_all.o)
 .data          0x00046928        0x0 ../ulexite_bmpload_bsp/\libhal_bsp.a(alt_iic.o)
 .data          0x00046928        0x0 ../ulexite_bmpload_bsp/\libhal_bsp.a(alt_iic_isr_register.o)
 .data          0x00046928        0x0 ../ulexite_bmpload_bsp/\libhal_bsp.a(alt_io_redirect.o)
 .data          0x00046928        0x0 ../ulexite_bmpload_bsp/\libhal_bsp.a(alt_irq_entry.o)
 .data          0x00046928        0x0 ../ulexite_bmpload_bsp/\libhal_bsp.a(alt_irq_handler.o)
 .data          0x00046928        0x0 ../ulexite_bmpload_bsp/\libhal_bsp.a(alt_irq_vars.o)
 .data          0x00046928        0x0 ../ulexite_bmpload_bsp/\libhal_bsp.a(alt_tick.o)
 .data          0x00046928        0x0 ../ulexite_bmpload_bsp/\libhal_bsp.a(altera_nios2_qsys_irq.o)
 .data          0x00046928        0x0 ../ulexite_bmpload_bsp/\libhal_bsp.a(alt_exception_entry.o)
 .data          0x00046928        0x0 ../ulexite_bmpload_bsp/\libhal_bsp.a(alt_icache_flush.o)
 .data          0x00046928        0x0 c:/develop/altera/13.0sp1/nios2eds/bin/gnu/h-i686-mingw32/bin/../lib/gcc/nios2-elf/4.1.2/../../../../nios2-elf/lib\libc.a(lib_a-atexit.o)
 .data          0x00046928        0x0 c:/develop/altera/13.0sp1/nios2eds/bin/gnu/h-i686-mingw32/bin/../lib/gcc/nios2-elf/4.1.2/../../../../nios2-elf/lib\libc.a(lib_a-exit.o)
 .data          0x00046928        0x0 c:/develop/altera/13.0sp1/nios2eds/bin/gnu/h-i686-mingw32/bin/../lib/gcc/nios2-elf/4.1.2/../../../../nios2-elf/lib\libc.a(lib_a-malloc.o)
 .data          0x00046928        0x0 c:/develop/altera/13.0sp1/nios2eds/bin/gnu/h-i686-mingw32/bin/../lib/gcc/nios2-elf/4.1.2/../../../../nios2-elf/lib\libc.a(lib_a-memcmp.o)
 .data          0x00046928        0x0 c:/develop/altera/13.0sp1/nios2eds/bin/gnu/h-i686-mingw32/bin/../lib/gcc/nios2-elf/4.1.2/../../../../nios2-elf/lib\libc.a(lib_a-__atexit.o)
 .data          0x00046928        0x0 c:/develop/altera/13.0sp1/nios2eds/bin/gnu/h-i686-mingw32/bin/../lib/gcc/nios2-elf/4.1.2/../../../../nios2-elf/lib\libc.a(lib_a-__call_atexit.o)
 .data          0x00046928        0x0 ../ulexite_bmpload_bsp/\libhal_bsp.a(alt_exit.o)
                0x0004e928                _gp = ABSOLUTE ((. + 0x8000))
                0x0004e928                PROVIDE (gp, _gp)
 *(.rwdata .rwdata.*)
 *(.sdata .sdata.* .gnu.linkonce.s.*)
 .sdata         0x00046928        0x1 obj/default/mmcfs/fatfs/mmcbb.o
 *fill*         0x00046929        0x3 00
 .sdata         0x0004692c        0x8 c:/develop/altera/13.0sp1/nios2eds/bin/gnu/h-i686-mingw32/bin/../lib/gcc/nios2-elf/4.1.2/../../../../nios2-elf/lib\libc.a(lib_a-impure.o)
                0x0004692c                _impure_ptr
                0x00046930                _global_impure_ptr
 .sdata         0x00046934        0x8 c:/develop/altera/13.0sp1/nios2eds/bin/gnu/h-i686-mingw32/bin/../lib/gcc/nios2-elf/4.1.2/../../../../nios2-elf/lib\libc.a(lib_a-mallocr.o)
                0x00046934                __malloc_trim_threshold
                0x00046938                __malloc_sbrk_base
 .sdata         0x0004693c        0x8 c:/develop/altera/13.0sp1/nios2eds/bin/gnu/h-i686-mingw32/bin/../lib/gcc/nios2-elf/4.1.2/../../../../nios2-elf/lib\libc.a(lib_a-locale.o)
                0x0004693c                __mb_cur_max
 .sdata         0x00046944       0x14 ../ulexite_bmpload_bsp/\libhal_bsp.a(alt_dev.o)
                0x00046944                alt_fs_list
                0x0004694c                alt_dev_list
                0x00046954                alt_max_fd
 .sdata         0x00046958        0x4 ../ulexite_bmpload_bsp/\libhal_bsp.a(alt_errno.o)
                0x00046958                alt_errno
 .sdata         0x0004695c        0x4 ../ulexite_bmpload_bsp/\libhal_bsp.a(alt_sbrk.o)
 .sdata         0x00046960        0x4 ../ulexite_bmpload_bsp/\libhal_bsp.a(alt_irq_vars.o)
                0x00046960                alt_priority_mask
 .sdata         0x00046964        0x8 ../ulexite_bmpload_bsp/\libhal_bsp.a(alt_tick.o)
                0x00046964                alt_alarm_list
 *(.sdata2 .sdata2.* .gnu.linkonce.s2.*)
                0x0004696c                . = ALIGN (0x4)
                0x0004696c                _edata = ABSOLUTE (.)
                0x0004696c                PROVIDE (edata, ABSOLUTE (.))
                0x0004696c                PROVIDE (__ram_rwdata_end, ABSOLUTE (.))
                0x00044e20                PROVIDE (__flash_rwdata_start, LOADADDR (.rwdata))

.bss            0x0004696c     0x29d4
                0x0004696c                __bss_start = ABSOLUTE (.)
                0x0004696c                PROVIDE (__sbss_start, ABSOLUTE (.))
                0x0004696c                PROVIDE (___sbss_start, ABSOLUTE (.))
 *(.dynsbss)
 *(.sbss .sbss.* .gnu.linkonce.sb.*)
 .sbss          0x0004696c        0x8 obj/default/mmcfs/fatfs/ff.o
 .sbss          0x00046974        0x1 obj/default/mmcfs/fatfs/mmcbb.o
 *fill*         0x00046975        0x3 00
 .sbss          0x00046978        0x8 obj/default/mmcfs/mmc_spi.o
 .sbss          0x00046980        0x4 obj/default/mmcfs/mmcfs.o
 .sbss          0x00046984       0x14 obj/default/nd_lib/nd_egl.o
 .sbss          0x00046998        0xc obj/default/nd_lib/nd_egl.o
                0x00046998                nd_GsVgaVsyncCount
                0x0004699c                nd_GsEglDrawBuffer
                0x000469a0                nd_GsVgaVsyncFlag
 .sbss          0x000469a4        0x4 c:/develop/altera/13.0sp1/nios2eds/bin/gnu/h-i686-mingw32/bin/../lib/gcc/nios2-elf/4.1.2/../../../../nios2-elf/lib\libc.a(lib_a-int_errno.o)
                0x000469a4                errno
 .sbss          0x000469a8        0xc c:/develop/altera/13.0sp1/nios2eds/bin/gnu/h-i686-mingw32/bin/../lib/gcc/nios2-elf/4.1.2/../../../../nios2-elf/lib\libc.a(lib_a-mallocr.o)
                0x000469a8                __malloc_top_pad
                0x000469ac                __malloc_max_sbrked_mem
                0x000469b0                __malloc_max_total_mem
 .sbss          0x000469b4        0xc c:/develop/altera/13.0sp1/nios2eds/bin/gnu/h-i686-mingw32/bin/../lib/gcc/nios2-elf/4.1.2/../../../../nios2-elf/lib\libc.a(lib_a-locale.o)
                0x000469b4                __nlocale_changed
                0x000469b8                __mlocale_changed
                0x000469bc                _PathLocale
 .sbss          0x000469c0        0xc ../ulexite_bmpload_bsp/\libhal_bsp.a(alt_main.o)
                0x000469c0                alt_argc
                0x000469c4                alt_argv
                0x000469c8                alt_envp
 .sbss          0x000469cc        0x4 ../ulexite_bmpload_bsp/\libhal_bsp.a(alt_irq_vars.o)
                0x000469cc                alt_irq_active
 .sbss          0x000469d0        0x8 ../ulexite_bmpload_bsp/\libhal_bsp.a(alt_tick.o)
                0x000469d0                _alt_tick_rate
                0x000469d4                _alt_nticks
 *(.sbss2 .sbss2.* .gnu.linkonce.sb2.*)
 *(.scommon)
                0x000469d8                PROVIDE (__sbss_end, ABSOLUTE (.))
                0x000469d8                PROVIDE (___sbss_end, ABSOLUTE (.))
 *(.dynbss)
 *(.bss .bss.* .gnu.linkonce.b.*)
 .bss           0x000469d8        0x0 ../ulexite_bmpload_bsp//obj/HAL/src/crt0.o
 .bss           0x000469d8        0x0 obj/default/file_test.o
 .bss           0x000469d8        0x0 obj/default/loadbmp.o
 .bss           0x000469d8      0x200 obj/default/mmcfs/fatfs/ff.o
 .bss           0x00046bd8        0x0 obj/default/mmcfs/fatfs/mmcbb.o
 .bss           0x00046bd8        0x0 obj/default/mmcfs/fatfs/option/cc932.o
 .bss           0x00046bd8        0x0 obj/default/mmcfs/gettime.o
 .bss           0x00046bd8        0x0 obj/default/mmcfs/mmc_spi.o
 .bss           0x00046bd8     0x24b0 obj/default/mmcfs/mmcfs.o
 .bss           0x00049088        0x0 obj/default/nd_lib/fontx_k12x10.o
 .bss           0x00049088        0x0 obj/default/nd_lib/fontx_k6x10.o
 .bss           0x00049088        0x0 obj/default/nd_lib/nd_egl.o
 .bss           0x00049088        0x0 obj/default/testuty.o
 .bss           0x00049088        0x0 c:/develop/altera/13.0sp1/nios2eds/bin/gnu/h-i686-mingw32/bin/../lib/gcc/nios2-elf/4.1.2/../../../../nios2-elf/lib\libc.a(lib_a-fclose.o)
 .bss           0x00049088        0x0 c:/develop/altera/13.0sp1/nios2eds/bin/gnu/h-i686-mingw32/bin/../lib/gcc/nios2-elf/4.1.2/../../../../nios2-elf/lib\libc.a(lib_a-fflush.o)
 .bss           0x00049088        0x0 c:/develop/altera/13.0sp1/nios2eds/bin/gnu/h-i686-mingw32/bin/../lib/gcc/nios2-elf/4.1.2/../../../../nios2-elf/lib\libc.a(lib_a-findfp.o)
 .bss           0x00049088        0x0 c:/develop/altera/13.0sp1/nios2eds/bin/gnu/h-i686-mingw32/bin/../lib/gcc/nios2-elf/4.1.2/../../../../nios2-elf/lib\libc.a(lib_a-fopen.o)
 .bss           0x00049088        0x0 c:/develop/altera/13.0sp1/nios2eds/bin/gnu/h-i686-mingw32/bin/../lib/gcc/nios2-elf/4.1.2/../../../../nios2-elf/lib\libc.a(lib_a-fread.o)
 .bss           0x00049088        0x0 c:/develop/altera/13.0sp1/nios2eds/bin/gnu/h-i686-mingw32/bin/../lib/gcc/nios2-elf/4.1.2/../../../../nios2-elf/lib\libc.a(lib_a-freer.o)
 .bss           0x00049088        0x0 c:/develop/altera/13.0sp1/nios2eds/bin/gnu/h-i686-mingw32/bin/../lib/gcc/nios2-elf/4.1.2/../../../../nios2-elf/lib\libc.a(lib_a-fseek.o)
 .bss           0x00049088        0x0 c:/develop/altera/13.0sp1/nios2eds/bin/gnu/h-i686-mingw32/bin/../lib/gcc/nios2-elf/4.1.2/../../../../nios2-elf/lib\libc.a(lib_a-fstatr.o)
 .bss           0x00049088        0x0 c:/develop/altera/13.0sp1/nios2eds/bin/gnu/h-i686-mingw32/bin/../lib/gcc/nios2-elf/4.1.2/../../../../nios2-elf/lib\libc.a(lib_a-fwalk.o)
 .bss           0x00049088        0x0 c:/develop/altera/13.0sp1/nios2eds/bin/gnu/h-i686-mingw32/bin/../lib/gcc/nios2-elf/4.1.2/../../../../nios2-elf/lib\libc.a(lib_a-impure.o)
 .bss           0x00049088        0x0 c:/develop/altera/13.0sp1/nios2eds/bin/gnu/h-i686-mingw32/bin/../lib/gcc/nios2-elf/4.1.2/../../../../nios2-elf/lib\libc.a(lib_a-int_errno.o)
 .bss           0x00049088        0x0 c:/develop/altera/13.0sp1/nios2eds/bin/gnu/h-i686-mingw32/bin/../lib/gcc/nios2-elf/4.1.2/../../../../nios2-elf/lib\libc.a(lib_a-makebuf.o)
 .bss           0x00049088       0x28 c:/develop/altera/13.0sp1/nios2eds/bin/gnu/h-i686-mingw32/bin/../lib/gcc/nios2-elf/4.1.2/../../../../nios2-elf/lib\libc.a(lib_a-mallocr.o)
                0x00049088                __malloc_current_mallinfo
 .bss           0x000490b0        0x0 c:/develop/altera/13.0sp1/nios2eds/bin/gnu/h-i686-mingw32/bin/../lib/gcc/nios2-elf/4.1.2/../../../../nios2-elf/lib\libc.a(lib_a-memcpy.o)
 .bss           0x000490b0        0x0 c:/develop/altera/13.0sp1/nios2eds/bin/gnu/h-i686-mingw32/bin/../lib/gcc/nios2-elf/4.1.2/../../../../nios2-elf/lib\libc.a(lib_a-memset.o)
 .bss           0x000490b0        0x0 c:/develop/altera/13.0sp1/nios2eds/bin/gnu/h-i686-mingw32/bin/../lib/gcc/nios2-elf/4.1.2/../../../../nios2-elf/lib\libc.a(lib_a-openr.o)
 .bss           0x000490b0        0x0 c:/develop/altera/13.0sp1/nios2eds/bin/gnu/h-i686-mingw32/bin/../lib/gcc/nios2-elf/4.1.2/../../../../nios2-elf/lib\libc.a(lib_a-printf.o)
 .bss           0x000490b0        0x0 c:/develop/altera/13.0sp1/nios2eds/bin/gnu/h-i686-mingw32/bin/../lib/gcc/nios2-elf/4.1.2/../../../../nios2-elf/lib\libc.a(lib_a-putchar.o)
 .bss           0x000490b0        0x0 c:/develop/altera/13.0sp1/nios2eds/bin/gnu/h-i686-mingw32/bin/../lib/gcc/nios2-elf/4.1.2/../../../../nios2-elf/lib\libc.a(lib_a-puts.o)
 .bss           0x000490b0        0x0 c:/develop/altera/13.0sp1/nios2eds/bin/gnu/h-i686-mingw32/bin/../lib/gcc/nios2-elf/4.1.2/../../../../nios2-elf/lib\libc.a(lib_a-refill.o)
 .bss           0x000490b0        0x0 c:/develop/altera/13.0sp1/nios2eds/bin/gnu/h-i686-mingw32/bin/../lib/gcc/nios2-elf/4.1.2/../../../../nios2-elf/lib\libc.a(lib_a-sbrkr.o)
 .bss           0x000490b0        0x0 c:/develop/altera/13.0sp1/nios2eds/bin/gnu/h-i686-mingw32/bin/../lib/gcc/nios2-elf/4.1.2/../../../../nios2-elf/lib\libc.a(lib_a-stdio.o)
 .bss           0x000490b0        0x0 c:/develop/altera/13.0sp1/nios2eds/bin/gnu/h-i686-mingw32/bin/../lib/gcc/nios2-elf/4.1.2/../../../../nios2-elf/lib\libc.a(lib_a-strlen.o)
 .bss           0x000490b0        0x0 c:/develop/altera/13.0sp1/nios2eds/bin/gnu/h-i686-mingw32/bin/../lib/gcc/nios2-elf/4.1.2/../../../../nios2-elf/lib\libc.a(lib_a-vfprintf.o)
 .bss           0x000490b0        0x0 c:/develop/altera/13.0sp1/nios2eds/bin/gnu/h-i686-mingw32/bin/../lib/gcc/nios2-elf/4.1.2/../../../../nios2-elf/lib\libc.a(lib_a-writer.o)
 .bss           0x000490b0        0x0 c:/develop/altera/13.0sp1/nios2eds/bin/gnu/h-i686-mingw32/bin/../lib/gcc/nios2-elf/4.1.2/../../../../nios2-elf/lib\libc.a(lib_a-wsetup.o)
 .bss           0x000490b0        0x0 c:/develop/altera/13.0sp1/nios2eds/bin/gnu/h-i686-mingw32/bin/../lib/gcc/nios2-elf/4.1.2/../../../../nios2-elf/lib\libc.a(lib_a-closer.o)
 .bss           0x000490b0        0x0 c:/develop/altera/13.0sp1/nios2eds/bin/gnu/h-i686-mingw32/bin/../lib/gcc/nios2-elf/4.1.2/../../../../nios2-elf/lib\libc.a(lib_a-dtoa.o)
 .bss           0x000490b0        0x0 c:/develop/altera/13.0sp1/nios2eds/bin/gnu/h-i686-mingw32/bin/../lib/gcc/nios2-elf/4.1.2/../../../../nios2-elf/lib\libc.a(lib_a-flags.o)
 .bss           0x000490b0        0x0 c:/develop/altera/13.0sp1/nios2eds/bin/gnu/h-i686-mingw32/bin/../lib/gcc/nios2-elf/4.1.2/../../../../nios2-elf/lib\libc.a(lib_a-fvwrite.o)
 .bss           0x000490b0        0x0 c:/develop/altera/13.0sp1/nios2eds/bin/gnu/h-i686-mingw32/bin/../lib/gcc/nios2-elf/4.1.2/../../../../nios2-elf/lib\libc.a(lib_a-isattyr.o)
 .bss           0x000490b0        0x0 c:/develop/altera/13.0sp1/nios2eds/bin/gnu/h-i686-mingw32/bin/../lib/gcc/nios2-elf/4.1.2/../../../../nios2-elf/lib\libc.a(lib_a-locale.o)
 .bss           0x000490b0        0x0 c:/develop/altera/13.0sp1/nios2eds/bin/gnu/h-i686-mingw32/bin/../lib/gcc/nios2-elf/4.1.2/../../../../nios2-elf/lib\libc.a(lib_a-lseekr.o)
 .bss           0x000490b0        0x0 c:/develop/altera/13.0sp1/nios2eds/bin/gnu/h-i686-mingw32/bin/../lib/gcc/nios2-elf/4.1.2/../../../../nios2-elf/lib\libc.a(lib_a-memchr.o)
 .bss           0x000490b0        0x0 c:/develop/altera/13.0sp1/nios2eds/bin/gnu/h-i686-mingw32/bin/../lib/gcc/nios2-elf/4.1.2/../../../../nios2-elf/lib\libc.a(lib_a-memmove.o)
 .bss           0x000490b0        0x0 c:/develop/altera/13.0sp1/nios2eds/bin/gnu/h-i686-mingw32/bin/../lib/gcc/nios2-elf/4.1.2/../../../../nios2-elf/lib\libc.a(lib_a-mprec.o)
 .bss           0x000490b0        0x0 c:/develop/altera/13.0sp1/nios2eds/bin/gnu/h-i686-mingw32/bin/../lib/gcc/nios2-elf/4.1.2/../../../../nios2-elf/lib\libc.a(lib_a-putc.o)
 .bss           0x000490b0        0x0 c:/develop/altera/13.0sp1/nios2eds/bin/gnu/h-i686-mingw32/bin/../lib/gcc/nios2-elf/4.1.2/../../../../nios2-elf/lib\libc.a(lib_a-readr.o)
 .bss           0x000490b0        0x0 c:/develop/altera/13.0sp1/nios2eds/bin/gnu/h-i686-mingw32/bin/../lib/gcc/nios2-elf/4.1.2/../../../../nios2-elf/lib\libc.a(lib_a-reallocr.o)
 .bss           0x000490b0        0x0 c:/develop/altera/13.0sp1/nios2eds/bin/gnu/h-i686-mingw32/bin/../lib/gcc/nios2-elf/4.1.2/../../../../nios2-elf/lib\libc.a(lib_a-s_isinfd.o)
 .bss           0x000490b0        0x0 c:/develop/altera/13.0sp1/nios2eds/bin/gnu/h-i686-mingw32/bin/../lib/gcc/nios2-elf/4.1.2/../../../../nios2-elf/lib\libc.a(lib_a-s_isnand.o)
 .bss           0x000490b0        0x0 c:/develop/altera/13.0sp1/nios2eds/bin/gnu/h-i686-mingw32/bin/../lib/gcc/nios2-elf/4.1.2/../../../../nios2-elf/lib\libc.a(lib_a-strcmp.o)
 .bss           0x000490b0        0x0 c:/develop/altera/13.0sp1/nios2eds/bin/gnu/h-i686-mingw32/bin/../lib/gcc/nios2-elf/4.1.2/../../../../nios2-elf/lib\libc.a(lib_a-wbuf.o)
 .bss           0x000490b0        0x0 c:/develop/altera/13.0sp1/nios2eds/bin/gnu/h-i686-mingw32/bin/../lib/gcc/nios2-elf/4.1.2/../../../../nios2-elf/lib\libc.a(lib_a-callocr.o)
 .bss           0x000490b0        0x0 c:/develop/altera/13.0sp1/nios2eds/bin/gnu/h-i686-mingw32/bin/../lib/gcc/nios2-elf/4.1.2\libgcc.a(_udivdi3.o)
 .bss           0x000490b0        0x0 c:/develop/altera/13.0sp1/nios2eds/bin/gnu/h-i686-mingw32/bin/../lib/gcc/nios2-elf/4.1.2\libgcc.a(_umoddi3.o)
 .bss           0x000490b0        0x0 c:/develop/altera/13.0sp1/nios2eds/bin/gnu/h-i686-mingw32/bin/../lib/gcc/nios2-elf/4.1.2\libgcc.a(_addsub_df.o)
 .bss           0x000490b0        0x0 c:/develop/altera/13.0sp1/nios2eds/bin/gnu/h-i686-mingw32/bin/../lib/gcc/nios2-elf/4.1.2\libgcc.a(_mul_df.o)
 .bss           0x000490b0        0x0 c:/develop/altera/13.0sp1/nios2eds/bin/gnu/h-i686-mingw32/bin/../lib/gcc/nios2-elf/4.1.2\libgcc.a(_div_df.o)
 .bss           0x000490b0        0x0 c:/develop/altera/13.0sp1/nios2eds/bin/gnu/h-i686-mingw32/bin/../lib/gcc/nios2-elf/4.1.2\libgcc.a(_eq_df.o)
 .bss           0x000490b0        0x0 c:/develop/altera/13.0sp1/nios2eds/bin/gnu/h-i686-mingw32/bin/../lib/gcc/nios2-elf/4.1.2\libgcc.a(_ne_df.o)
 .bss           0x000490b0        0x0 c:/develop/altera/13.0sp1/nios2eds/bin/gnu/h-i686-mingw32/bin/../lib/gcc/nios2-elf/4.1.2\libgcc.a(_gt_df.o)
 .bss           0x000490b0        0x0 c:/develop/altera/13.0sp1/nios2eds/bin/gnu/h-i686-mingw32/bin/../lib/gcc/nios2-elf/4.1.2\libgcc.a(_ge_df.o)
 .bss           0x000490b0        0x0 c:/develop/altera/13.0sp1/nios2eds/bin/gnu/h-i686-mingw32/bin/../lib/gcc/nios2-elf/4.1.2\libgcc.a(_lt_df.o)
 .bss           0x000490b0        0x0 c:/develop/altera/13.0sp1/nios2eds/bin/gnu/h-i686-mingw32/bin/../lib/gcc/nios2-elf/4.1.2\libgcc.a(_si_to_df.o)
 .bss           0x000490b0        0x0 c:/develop/altera/13.0sp1/nios2eds/bin/gnu/h-i686-mingw32/bin/../lib/gcc/nios2-elf/4.1.2\libgcc.a(_df_to_si.o)
 .bss           0x000490b0        0x0 c:/develop/altera/13.0sp1/nios2eds/bin/gnu/h-i686-mingw32/bin/../lib/gcc/nios2-elf/4.1.2\libgcc.a(_thenan_df.o)
 .bss           0x000490b0        0x0 c:/develop/altera/13.0sp1/nios2eds/bin/gnu/h-i686-mingw32/bin/../lib/gcc/nios2-elf/4.1.2\libgcc.a(_usi_to_df.o)
 .bss           0x000490b0        0x0 c:/develop/altera/13.0sp1/nios2eds/bin/gnu/h-i686-mingw32/bin/../lib/gcc/nios2-elf/4.1.2\libgcc.a(lib2-divmod.o)
 .bss           0x000490b0        0x0 c:/develop/altera/13.0sp1/nios2eds/bin/gnu/h-i686-mingw32/bin/../lib/gcc/nios2-elf/4.1.2\libgcc.a(_muldi3.o)
 .bss           0x000490b0        0x0 c:/develop/altera/13.0sp1/nios2eds/bin/gnu/h-i686-mingw32/bin/../lib/gcc/nios2-elf/4.1.2\libgcc.a(_clz.o)
 .bss           0x000490b0        0x0 c:/develop/altera/13.0sp1/nios2eds/bin/gnu/h-i686-mingw32/bin/../lib/gcc/nios2-elf/4.1.2\libgcc.a(_clzsi2.o)
 .bss           0x000490b0        0x0 c:/develop/altera/13.0sp1/nios2eds/bin/gnu/h-i686-mingw32/bin/../lib/gcc/nios2-elf/4.1.2\libgcc.a(_pack_df.o)
 .bss           0x000490b0        0x0 c:/develop/altera/13.0sp1/nios2eds/bin/gnu/h-i686-mingw32/bin/../lib/gcc/nios2-elf/4.1.2\libgcc.a(_unpack_df.o)
 .bss           0x000490b0        0x0 c:/develop/altera/13.0sp1/nios2eds/bin/gnu/h-i686-mingw32/bin/../lib/gcc/nios2-elf/4.1.2\libgcc.a(_fpcmp_parts_df.o)
 .bss           0x000490b0        0x0 ../ulexite_bmpload_bsp/\libhal_bsp.a(alt_close.o)
 .bss           0x000490b0        0x0 ../ulexite_bmpload_bsp/\libhal_bsp.a(alt_dev.o)
 .bss           0x000490b0        0x0 ../ulexite_bmpload_bsp/\libhal_bsp.a(alt_errno.o)
 .bss           0x000490b0        0x0 ../ulexite_bmpload_bsp/\libhal_bsp.a(alt_fs_reg.o)
 .bss           0x000490b0        0x0 ../ulexite_bmpload_bsp/\libhal_bsp.a(alt_fstat.o)
 .bss           0x000490b0        0x0 ../ulexite_bmpload_bsp/\libhal_bsp.a(alt_isatty.o)
 .bss           0x000490b0        0x0 ../ulexite_bmpload_bsp/\libhal_bsp.a(alt_load.o)
 .bss           0x000490b0        0x0 ../ulexite_bmpload_bsp/\libhal_bsp.a(alt_lseek.o)
 .bss           0x000490b0        0x0 ../ulexite_bmpload_bsp/\libhal_bsp.a(alt_main.o)
 .bss           0x000490b0        0x0 ../ulexite_bmpload_bsp/\libhal_bsp.a(alt_malloc_lock.o)
 .bss           0x000490b0        0x0 ../ulexite_bmpload_bsp/\libhal_bsp.a(alt_open.o)
 .bss           0x000490b0        0x0 ../ulexite_bmpload_bsp/\libhal_bsp.a(alt_read.o)
 .bss           0x000490b0        0x0 ../ulexite_bmpload_bsp/\libhal_bsp.a(alt_release_fd.o)
 .bss           0x000490b0        0x0 ../ulexite_bmpload_bsp/\libhal_bsp.a(alt_sbrk.o)
 .bss           0x000490b0        0x0 ../ulexite_bmpload_bsp/\libhal_bsp.a(alt_uncached_malloc.o)
 .bss           0x000490b0        0x0 ../ulexite_bmpload_bsp/\libhal_bsp.a(alt_write.o)
 .bss           0x000490b0        0x0 ../ulexite_bmpload_bsp/\libhal_bsp.a(alt_sys_init.o)
 .bss           0x000490b0        0x0 ../ulexite_bmpload_bsp/\libhal_bsp.a(altera_avalon_jtag_uart_fd.o)
 .bss           0x000490b0        0x0 ../ulexite_bmpload_bsp/\libhal_bsp.a(altera_avalon_jtag_uart_init.o)
 .bss           0x000490b0        0x0 ../ulexite_bmpload_bsp/\libhal_bsp.a(altera_avalon_jtag_uart_ioctl.o)
 .bss           0x000490b0        0x0 ../ulexite_bmpload_bsp/\libhal_bsp.a(altera_avalon_jtag_uart_read.o)
 .bss           0x000490b0        0x0 ../ulexite_bmpload_bsp/\libhal_bsp.a(altera_avalon_jtag_uart_write.o)
 .bss           0x000490b0        0x0 ../ulexite_bmpload_bsp/\libhal_bsp.a(altera_avalon_timer_sc.o)
 .bss           0x000490b0        0x0 ../ulexite_bmpload_bsp/\libhal_bsp.a(altera_avalon_uart_fd.o)
 .bss           0x000490b0        0x0 ../ulexite_bmpload_bsp/\libhal_bsp.a(altera_avalon_uart_init.o)
 .bss           0x000490b0        0x0 ../ulexite_bmpload_bsp/\libhal_bsp.a(altera_avalon_uart_read.o)
 .bss           0x000490b0        0x0 ../ulexite_bmpload_bsp/\libhal_bsp.a(altera_avalon_uart_write.o)
 .bss           0x000490b0        0x0 ../ulexite_bmpload_bsp/\libhal_bsp.a(alt_alarm_start.o)
 .bss           0x000490b0        0x0 ../ulexite_bmpload_bsp/\libhal_bsp.a(alt_dcache_flush.o)
 .bss           0x000490b0        0x0 ../ulexite_bmpload_bsp/\libhal_bsp.a(alt_dcache_flush_all.o)
 .bss           0x000490b0        0x0 ../ulexite_bmpload_bsp/\libhal_bsp.a(alt_dev_llist_insert.o)
 .bss           0x000490b0        0x0 ../ulexite_bmpload_bsp/\libhal_bsp.a(alt_do_ctors.o)
 .bss           0x000490b0        0x0 ../ulexite_bmpload_bsp/\libhal_bsp.a(alt_do_dtors.o)
 .bss           0x000490b0        0x0 ../ulexite_bmpload_bsp/\libhal_bsp.a(alt_find_dev.o)
 .bss           0x000490b0        0x0 ../ulexite_bmpload_bsp/\libhal_bsp.a(alt_find_file.o)
 .bss           0x000490b0        0x0 ../ulexite_bmpload_bsp/\libhal_bsp.a(alt_get_fd.o)
 .bss           0x000490b0        0x0 ../ulexite_bmpload_bsp/\libhal_bsp.a(alt_icache_flush_all.o)
 .bss           0x000490b0        0x0 ../ulexite_bmpload_bsp/\libhal_bsp.a(alt_iic.o)
 .bss           0x000490b0        0x0 ../ulexite_bmpload_bsp/\libhal_bsp.a(alt_iic_isr_register.o)
 .bss           0x000490b0        0x0 ../ulexite_bmpload_bsp/\libhal_bsp.a(alt_io_redirect.o)
 .bss           0x000490b0        0x0 ../ulexite_bmpload_bsp/\libhal_bsp.a(alt_irq_entry.o)
 .bss           0x000490b0        0x0 ../ulexite_bmpload_bsp/\libhal_bsp.a(alt_irq_handler.o)
 .bss           0x000490b0        0x0 ../ulexite_bmpload_bsp/\libhal_bsp.a(alt_irq_vars.o)
 .bss           0x000490b0        0x0 ../ulexite_bmpload_bsp/\libhal_bsp.a(alt_tick.o)
 .bss           0x000490b0        0x0 ../ulexite_bmpload_bsp/\libhal_bsp.a(altera_nios2_qsys_irq.o)
 .bss           0x000490b0        0x0 ../ulexite_bmpload_bsp/\libhal_bsp.a(alt_exception_entry.o)
 .bss           0x000490b0        0x0 ../ulexite_bmpload_bsp/\libhal_bsp.a(alt_icache_flush.o)
 .bss           0x000490b0        0x0 c:/develop/altera/13.0sp1/nios2eds/bin/gnu/h-i686-mingw32/bin/../lib/gcc/nios2-elf/4.1.2/../../../../nios2-elf/lib\libc.a(lib_a-atexit.o)
 .bss           0x000490b0        0x0 c:/develop/altera/13.0sp1/nios2eds/bin/gnu/h-i686-mingw32/bin/../lib/gcc/nios2-elf/4.1.2/../../../../nios2-elf/lib\libc.a(lib_a-exit.o)
 .bss           0x000490b0        0x0 c:/develop/altera/13.0sp1/nios2eds/bin/gnu/h-i686-mingw32/bin/../lib/gcc/nios2-elf/4.1.2/../../../../nios2-elf/lib\libc.a(lib_a-malloc.o)
 .bss           0x000490b0        0x0 c:/develop/altera/13.0sp1/nios2eds/bin/gnu/h-i686-mingw32/bin/../lib/gcc/nios2-elf/4.1.2/../../../../nios2-elf/lib\libc.a(lib_a-memcmp.o)
 .bss           0x000490b0        0x0 c:/develop/altera/13.0sp1/nios2eds/bin/gnu/h-i686-mingw32/bin/../lib/gcc/nios2-elf/4.1.2/../../../../nios2-elf/lib\libc.a(lib_a-__atexit.o)
 .bss           0x000490b0        0x0 c:/develop/altera/13.0sp1/nios2eds/bin/gnu/h-i686-mingw32/bin/../lib/gcc/nios2-elf/4.1.2/../../../../nios2-elf/lib\libc.a(lib_a-__call_atexit.o)
 .bss           0x000490b0        0x0 ../ulexite_bmpload_bsp/\libhal_bsp.a(alt_exit.o)
 *(COMMON)
 COMMON         0x000490b0      0x100 ../ulexite_bmpload_bsp/\libhal_bsp.a(alt_irq_handler.o)
                0x000490b0                alt_irq
 COMMON         0x000491b0      0x190 c:/develop/altera/13.0sp1/nios2eds/bin/gnu/h-i686-mingw32/bin/../lib/gcc/nios2-elf/4.1.2/../../../../nios2-elf/lib\libc.a(lib_a-atexit.o)
                0x000491b0                _atexit0
                0x00049340                . = ALIGN (0x4)
                0x00049340                __bss_end = ABSOLUTE (.)

.sdram          0x00049340        0x0
                0x00049340                PROVIDE (_alt_partition_sdram_start, ABSOLUTE (.))
 *(.sdram. sdram.*)
                0x00049340                . = ALIGN (0x4)
                0x00049340                PROVIDE (_alt_partition_sdram_end, ABSOLUTE (.))
                0x00049340                _end = ABSOLUTE (.)
                0x00049340                end = ABSOLUTE (.)
                0x00049340                __alt_stack_base = ABSOLUTE (.)
                0x00049340                PROVIDE (_alt_partition_sdram_load_addr, LOADADDR (.sdram))

.ipl_memory     0x0f000020        0x0
                0x0f000020                PROVIDE (_alt_partition_ipl_memory_start, ABSOLUTE (.))
 *(.ipl_memory. ipl_memory.*)
                0x0f000020                . = ALIGN (0x4)
                0x0f000020                PROVIDE (_alt_partition_ipl_memory_end, ABSOLUTE (.))
                0x0f000020                PROVIDE (_alt_partition_ipl_memory_load_addr, LOADADDR (.ipl_memory))

.stab
 *(.stab)

.stabstr
 *(.stabstr)

.stab.excl
 *(.stab.excl)

.stab.exclstr
 *(.stab.exclstr)

.stab.index
 *(.stab.index)

.stab.indexstr
 *(.stab.indexstr)

.comment        0x00000000       0x26
 *(.comment)
 .comment       0x00000000       0x26 obj/default/file_test.o
                                 0x27 (size before relaxing)
 .comment       0x00000000       0x27 obj/default/loadbmp.o
 .comment       0x00000000       0x27 obj/default/mmcfs/fatfs/ff.o
 .comment       0x00000000       0x27 obj/default/mmcfs/fatfs/mmcbb.o
 .comment       0x00000000       0x27 obj/default/mmcfs/fatfs/option/cc932.o
 .comment       0x00000000       0x27 obj/default/mmcfs/gettime.o
 .comment       0x00000000       0x27 obj/default/mmcfs/mmc_spi.o
 .comment       0x00000000       0x27 obj/default/mmcfs/mmcfs.o
 .comment       0x00000000       0x27 obj/default/nd_lib/fontx_k12x10.o
 .comment       0x00000000       0x27 obj/default/nd_lib/fontx_k6x10.o
 .comment       0x00000000       0x27 obj/default/nd_lib/nd_egl.o
 .comment       0x00000000       0x27 obj/default/testuty.o
 .comment       0x00000000       0x27 c:/develop/altera/13.0sp1/nios2eds/bin/gnu/h-i686-mingw32/bin/../lib/gcc/nios2-elf/4.1.2/../../../../nios2-elf/lib\libc.a(lib_a-fclose.o)
 .comment       0x00000000       0x27 c:/develop/altera/13.0sp1/nios2eds/bin/gnu/h-i686-mingw32/bin/../lib/gcc/nios2-elf/4.1.2/../../../../nios2-elf/lib\libc.a(lib_a-fflush.o)
 .comment       0x00000000       0x27 c:/develop/altera/13.0sp1/nios2eds/bin/gnu/h-i686-mingw32/bin/../lib/gcc/nios2-elf/4.1.2/../../../../nios2-elf/lib\libc.a(lib_a-findfp.o)
 .comment       0x00000000       0x27 c:/develop/altera/13.0sp1/nios2eds/bin/gnu/h-i686-mingw32/bin/../lib/gcc/nios2-elf/4.1.2/../../../../nios2-elf/lib\libc.a(lib_a-fopen.o)
 .comment       0x00000000       0x27 c:/develop/altera/13.0sp1/nios2eds/bin/gnu/h-i686-mingw32/bin/../lib/gcc/nios2-elf/4.1.2/../../../../nios2-elf/lib\libc.a(lib_a-fread.o)
 .comment       0x00000000       0x27 c:/develop/altera/13.0sp1/nios2eds/bin/gnu/h-i686-mingw32/bin/../lib/gcc/nios2-elf/4.1.2/../../../../nios2-elf/lib\libc.a(lib_a-freer.o)
 .comment       0x00000000       0x27 c:/develop/altera/13.0sp1/nios2eds/bin/gnu/h-i686-mingw32/bin/../lib/gcc/nios2-elf/4.1.2/../../../../nios2-elf/lib\libc.a(lib_a-fseek.o)
 .comment       0x00000000       0x27 c:/develop/altera/13.0sp1/nios2eds/bin/gnu/h-i686-mingw32/bin/../lib/gcc/nios2-elf/4.1.2/../../../../nios2-elf/lib\libc.a(lib_a-fstatr.o)
 .comment       0x00000000       0x27 c:/develop/altera/13.0sp1/nios2eds/bin/gnu/h-i686-mingw32/bin/../lib/gcc/nios2-elf/4.1.2/../../../../nios2-elf/lib\libc.a(lib_a-fwalk.o)
 .comment       0x00000000       0x27 c:/develop/altera/13.0sp1/nios2eds/bin/gnu/h-i686-mingw32/bin/../lib/gcc/nios2-elf/4.1.2/../../../../nios2-elf/lib\libc.a(lib_a-impure.o)
 .comment       0x00000000       0x27 c:/develop/altera/13.0sp1/nios2eds/bin/gnu/h-i686-mingw32/bin/../lib/gcc/nios2-elf/4.1.2/../../../../nios2-elf/lib\libc.a(lib_a-int_errno.o)
 .comment       0x00000000       0x27 c:/develop/altera/13.0sp1/nios2eds/bin/gnu/h-i686-mingw32/bin/../lib/gcc/nios2-elf/4.1.2/../../../../nios2-elf/lib\libc.a(lib_a-makebuf.o)
 .comment       0x00000000       0x27 c:/develop/altera/13.0sp1/nios2eds/bin/gnu/h-i686-mingw32/bin/../lib/gcc/nios2-elf/4.1.2/../../../../nios2-elf/lib\libc.a(lib_a-mallocr.o)
 .comment       0x00000000       0x27 c:/develop/altera/13.0sp1/nios2eds/bin/gnu/h-i686-mingw32/bin/../lib/gcc/nios2-elf/4.1.2/../../../../nios2-elf/lib\libc.a(lib_a-memcpy.o)
 .comment       0x00000000       0x27 c:/develop/altera/13.0sp1/nios2eds/bin/gnu/h-i686-mingw32/bin/../lib/gcc/nios2-elf/4.1.2/../../../../nios2-elf/lib\libc.a(lib_a-memset.o)
 .comment       0x00000000       0x27 c:/develop/altera/13.0sp1/nios2eds/bin/gnu/h-i686-mingw32/bin/../lib/gcc/nios2-elf/4.1.2/../../../../nios2-elf/lib\libc.a(lib_a-openr.o)
 .comment       0x00000000       0x27 c:/develop/altera/13.0sp1/nios2eds/bin/gnu/h-i686-mingw32/bin/../lib/gcc/nios2-elf/4.1.2/../../../../nios2-elf/lib\libc.a(lib_a-printf.o)
 .comment       0x00000000       0x27 c:/develop/altera/13.0sp1/nios2eds/bin/gnu/h-i686-mingw32/bin/../lib/gcc/nios2-elf/4.1.2/../../../../nios2-elf/lib\libc.a(lib_a-putchar.o)
 .comment       0x00000000       0x27 c:/develop/altera/13.0sp1/nios2eds/bin/gnu/h-i686-mingw32/bin/../lib/gcc/nios2-elf/4.1.2/../../../../nios2-elf/lib\libc.a(lib_a-puts.o)
 .comment       0x00000000       0x27 c:/develop/altera/13.0sp1/nios2eds/bin/gnu/h-i686-mingw32/bin/../lib/gcc/nios2-elf/4.1.2/../../../../nios2-elf/lib\libc.a(lib_a-refill.o)
 .comment       0x00000000       0x27 c:/develop/altera/13.0sp1/nios2eds/bin/gnu/h-i686-mingw32/bin/../lib/gcc/nios2-elf/4.1.2/../../../../nios2-elf/lib\libc.a(lib_a-sbrkr.o)
 .comment       0x00000000       0x27 c:/develop/altera/13.0sp1/nios2eds/bin/gnu/h-i686-mingw32/bin/../lib/gcc/nios2-elf/4.1.2/../../../../nios2-elf/lib\libc.a(lib_a-stdio.o)
 .comment       0x00000000       0x27 c:/develop/altera/13.0sp1/nios2eds/bin/gnu/h-i686-mingw32/bin/../lib/gcc/nios2-elf/4.1.2/../../../../nios2-elf/lib\libc.a(lib_a-strlen.o)
 .comment       0x00000000       0x27 c:/develop/altera/13.0sp1/nios2eds/bin/gnu/h-i686-mingw32/bin/../lib/gcc/nios2-elf/4.1.2/../../../../nios2-elf/lib\libc.a(lib_a-vfprintf.o)
 .comment       0x00000000       0x27 c:/develop/altera/13.0sp1/nios2eds/bin/gnu/h-i686-mingw32/bin/../lib/gcc/nios2-elf/4.1.2/../../../../nios2-elf/lib\libc.a(lib_a-writer.o)
 .comment       0x00000000       0x27 c:/develop/altera/13.0sp1/nios2eds/bin/gnu/h-i686-mingw32/bin/../lib/gcc/nios2-elf/4.1.2/../../../../nios2-elf/lib\libc.a(lib_a-wsetup.o)
 .comment       0x00000000       0x27 c:/develop/altera/13.0sp1/nios2eds/bin/gnu/h-i686-mingw32/bin/../lib/gcc/nios2-elf/4.1.2/../../../../nios2-elf/lib\libc.a(lib_a-closer.o)
 .comment       0x00000000       0x27 c:/develop/altera/13.0sp1/nios2eds/bin/gnu/h-i686-mingw32/bin/../lib/gcc/nios2-elf/4.1.2/../../../../nios2-elf/lib\libc.a(lib_a-dtoa.o)
 .comment       0x00000000       0x27 c:/develop/altera/13.0sp1/nios2eds/bin/gnu/h-i686-mingw32/bin/../lib/gcc/nios2-elf/4.1.2/../../../../nios2-elf/lib\libc.a(lib_a-flags.o)
 .comment       0x00000000       0x27 c:/develop/altera/13.0sp1/nios2eds/bin/gnu/h-i686-mingw32/bin/../lib/gcc/nios2-elf/4.1.2/../../../../nios2-elf/lib\libc.a(lib_a-fvwrite.o)
 .comment       0x00000000       0x27 c:/develop/altera/13.0sp1/nios2eds/bin/gnu/h-i686-mingw32/bin/../lib/gcc/nios2-elf/4.1.2/../../../../nios2-elf/lib\libc.a(lib_a-isattyr.o)
 .comment       0x00000000       0x27 c:/develop/altera/13.0sp1/nios2eds/bin/gnu/h-i686-mingw32/bin/../lib/gcc/nios2-elf/4.1.2/../../../../nios2-elf/lib\libc.a(lib_a-locale.o)
 .comment       0x00000000       0x27 c:/develop/altera/13.0sp1/nios2eds/bin/gnu/h-i686-mingw32/bin/../lib/gcc/nios2-elf/4.1.2/../../../../nios2-elf/lib\libc.a(lib_a-lseekr.o)
 .comment       0x00000000       0x27 c:/develop/altera/13.0sp1/nios2eds/bin/gnu/h-i686-mingw32/bin/../lib/gcc/nios2-elf/4.1.2/../../../../nios2-elf/lib\libc.a(lib_a-memchr.o)
 .comment       0x00000000       0x27 c:/develop/altera/13.0sp1/nios2eds/bin/gnu/h-i686-mingw32/bin/../lib/gcc/nios2-elf/4.1.2/../../../../nios2-elf/lib\libc.a(lib_a-memmove.o)
 .comment       0x00000000       0x27 c:/develop/altera/13.0sp1/nios2eds/bin/gnu/h-i686-mingw32/bin/../lib/gcc/nios2-elf/4.1.2/../../../../nios2-elf/lib\libc.a(lib_a-mprec.o)
 .comment       0x00000000       0x27 c:/develop/altera/13.0sp1/nios2eds/bin/gnu/h-i686-mingw32/bin/../lib/gcc/nios2-elf/4.1.2/../../../../nios2-elf/lib\libc.a(lib_a-putc.o)
 .comment       0x00000000       0x27 c:/develop/altera/13.0sp1/nios2eds/bin/gnu/h-i686-mingw32/bin/../lib/gcc/nios2-elf/4.1.2/../../../../nios2-elf/lib\libc.a(lib_a-readr.o)
 .comment       0x00000000       0x27 c:/develop/altera/13.0sp1/nios2eds/bin/gnu/h-i686-mingw32/bin/../lib/gcc/nios2-elf/4.1.2/../../../../nios2-elf/lib\libc.a(lib_a-reallocr.o)
 .comment       0x00000000       0x27 c:/develop/altera/13.0sp1/nios2eds/bin/gnu/h-i686-mingw32/bin/../lib/gcc/nios2-elf/4.1.2/../../../../nios2-elf/lib\libc.a(lib_a-s_isinfd.o)
 .comment       0x00000000       0x27 c:/develop/altera/13.0sp1/nios2eds/bin/gnu/h-i686-mingw32/bin/../lib/gcc/nios2-elf/4.1.2/../../../../nios2-elf/lib\libc.a(lib_a-s_isnand.o)
 .comment       0x00000000       0x27 c:/develop/altera/13.0sp1/nios2eds/bin/gnu/h-i686-mingw32/bin/../lib/gcc/nios2-elf/4.1.2/../../../../nios2-elf/lib\libc.a(lib_a-strcmp.o)
 .comment       0x00000000       0x27 c:/develop/altera/13.0sp1/nios2eds/bin/gnu/h-i686-mingw32/bin/../lib/gcc/nios2-elf/4.1.2/../../../../nios2-elf/lib\libc.a(lib_a-wbuf.o)
 .comment       0x00000000       0x27 c:/develop/altera/13.0sp1/nios2eds/bin/gnu/h-i686-mingw32/bin/../lib/gcc/nios2-elf/4.1.2/../../../../nios2-elf/lib\libc.a(lib_a-callocr.o)
 .comment       0x00000000       0x27 c:/develop/altera/13.0sp1/nios2eds/bin/gnu/h-i686-mingw32/bin/../lib/gcc/nios2-elf/4.1.2\libgcc.a(_udivdi3.o)
 .comment       0x00000000       0x27 c:/develop/altera/13.0sp1/nios2eds/bin/gnu/h-i686-mingw32/bin/../lib/gcc/nios2-elf/4.1.2\libgcc.a(_umoddi3.o)
 .comment       0x00000000       0x27 c:/develop/altera/13.0sp1/nios2eds/bin/gnu/h-i686-mingw32/bin/../lib/gcc/nios2-elf/4.1.2\libgcc.a(_addsub_df.o)